Archive member included to satisfy reference by file (symbol)

c:/st/stm32cubeide_1.6.0/stm32cubeide/plugins/com.st.stm32cube.ide.mcu.externaltools.gnu-tools-for-stm32.9-2020-q2-update.win32_1.5.0.202011040924/tools/bin/../lib/gcc/arm-none-eabi/9.3.1/../../../../arm-none-eabi/lib/thumb/v7e-m+fp/hard\libc_nano.a(lib_a-errno.o)
                              Core/Src/syscalls.o (__errno)
c:/st/stm32cubeide_1.6.0/stm32cubeide/plugins/com.st.stm32cube.ide.mcu.externaltools.gnu-tools-for-stm32.9-2020-q2-update.win32_1.5.0.202011040924/tools/bin/../lib/gcc/arm-none-eabi/9.3.1/../../../../arm-none-eabi/lib/thumb/v7e-m+fp/hard\libc_nano.a(lib_a-exit.o)
                              c:/st/stm32cubeide_1.6.0/stm32cubeide/plugins/com.st.stm32cube.ide.mcu.externaltools.gnu-tools-for-stm32.9-2020-q2-update.win32_1.5.0.202011040924/tools/bin/../lib/gcc/arm-none-eabi/9.3.1/../../../../arm-none-eabi/lib/thumb/v7e-m+fp/hard/crt0.o (exit)
c:/st/stm32cubeide_1.6.0/stm32cubeide/plugins/com.st.stm32cube.ide.mcu.externaltools.gnu-tools-for-stm32.9-2020-q2-update.win32_1.5.0.202011040924/tools/bin/../lib/gcc/arm-none-eabi/9.3.1/../../../../arm-none-eabi/lib/thumb/v7e-m+fp/hard\libc_nano.a(lib_a-impure.o)
                              c:/st/stm32cubeide_1.6.0/stm32cubeide/plugins/com.st.stm32cube.ide.mcu.externaltools.gnu-tools-for-stm32.9-2020-q2-update.win32_1.5.0.202011040924/tools/bin/../lib/gcc/arm-none-eabi/9.3.1/../../../../arm-none-eabi/lib/thumb/v7e-m+fp/hard\libc_nano.a(lib_a-exit.o) (_global_impure_ptr)
c:/st/stm32cubeide_1.6.0/stm32cubeide/plugins/com.st.stm32cube.ide.mcu.externaltools.gnu-tools-for-stm32.9-2020-q2-update.win32_1.5.0.202011040924/tools/bin/../lib/gcc/arm-none-eabi/9.3.1/../../../../arm-none-eabi/lib/thumb/v7e-m+fp/hard\libc_nano.a(lib_a-init.o)
                              c:/st/stm32cubeide_1.6.0/stm32cubeide/plugins/com.st.stm32cube.ide.mcu.externaltools.gnu-tools-for-stm32.9-2020-q2-update.win32_1.5.0.202011040924/tools/bin/../lib/gcc/arm-none-eabi/9.3.1/../../../../arm-none-eabi/lib/thumb/v7e-m+fp/hard/crt0.o (__libc_init_array)
c:/st/stm32cubeide_1.6.0/stm32cubeide/plugins/com.st.stm32cube.ide.mcu.externaltools.gnu-tools-for-stm32.9-2020-q2-update.win32_1.5.0.202011040924/tools/bin/../lib/gcc/arm-none-eabi/9.3.1/../../../../arm-none-eabi/lib/thumb/v7e-m+fp/hard\libc_nano.a(lib_a-malloc.o)
                              Middlewares/ST/STM32_USB_Device_Library/Class/CDC/Src/usbd_cdc.o (malloc)
c:/st/stm32cubeide_1.6.0/stm32cubeide/plugins/com.st.stm32cube.ide.mcu.externaltools.gnu-tools-for-stm32.9-2020-q2-update.win32_1.5.0.202011040924/tools/bin/../lib/gcc/arm-none-eabi/9.3.1/../../../../arm-none-eabi/lib/thumb/v7e-m+fp/hard\libc_nano.a(lib_a-memset.o)
                              c:/st/stm32cubeide_1.6.0/stm32cubeide/plugins/com.st.stm32cube.ide.mcu.externaltools.gnu-tools-for-stm32.9-2020-q2-update.win32_1.5.0.202011040924/tools/bin/../lib/gcc/arm-none-eabi/9.3.1/../../../../arm-none-eabi/lib/thumb/v7e-m+fp/hard/crt0.o (memset)
c:/st/stm32cubeide_1.6.0/stm32cubeide/plugins/com.st.stm32cube.ide.mcu.externaltools.gnu-tools-for-stm32.9-2020-q2-update.win32_1.5.0.202011040924/tools/bin/../lib/gcc/arm-none-eabi/9.3.1/../../../../arm-none-eabi/lib/thumb/v7e-m+fp/hard\libc_nano.a(lib_a-nano-freer.o)
                              c:/st/stm32cubeide_1.6.0/stm32cubeide/plugins/com.st.stm32cube.ide.mcu.externaltools.gnu-tools-for-stm32.9-2020-q2-update.win32_1.5.0.202011040924/tools/bin/../lib/gcc/arm-none-eabi/9.3.1/../../../../arm-none-eabi/lib/thumb/v7e-m+fp/hard\libc_nano.a(lib_a-malloc.o) (_free_r)
c:/st/stm32cubeide_1.6.0/stm32cubeide/plugins/com.st.stm32cube.ide.mcu.externaltools.gnu-tools-for-stm32.9-2020-q2-update.win32_1.5.0.202011040924/tools/bin/../lib/gcc/arm-none-eabi/9.3.1/../../../../arm-none-eabi/lib/thumb/v7e-m+fp/hard\libc_nano.a(lib_a-nano-mallocr.o)
                              c:/st/stm32cubeide_1.6.0/stm32cubeide/plugins/com.st.stm32cube.ide.mcu.externaltools.gnu-tools-for-stm32.9-2020-q2-update.win32_1.5.0.202011040924/tools/bin/../lib/gcc/arm-none-eabi/9.3.1/../../../../arm-none-eabi/lib/thumb/v7e-m+fp/hard\libc_nano.a(lib_a-malloc.o) (_malloc_r)
c:/st/stm32cubeide_1.6.0/stm32cubeide/plugins/com.st.stm32cube.ide.mcu.externaltools.gnu-tools-for-stm32.9-2020-q2-update.win32_1.5.0.202011040924/tools/bin/../lib/gcc/arm-none-eabi/9.3.1/../../../../arm-none-eabi/lib/thumb/v7e-m+fp/hard\libc_nano.a(lib_a-sbrkr.o)
                              c:/st/stm32cubeide_1.6.0/stm32cubeide/plugins/com.st.stm32cube.ide.mcu.externaltools.gnu-tools-for-stm32.9-2020-q2-update.win32_1.5.0.202011040924/tools/bin/../lib/gcc/arm-none-eabi/9.3.1/../../../../arm-none-eabi/lib/thumb/v7e-m+fp/hard\libc_nano.a(lib_a-nano-mallocr.o) (_sbrk_r)
c:/st/stm32cubeide_1.6.0/stm32cubeide/plugins/com.st.stm32cube.ide.mcu.externaltools.gnu-tools-for-stm32.9-2020-q2-update.win32_1.5.0.202011040924/tools/bin/../lib/gcc/arm-none-eabi/9.3.1/../../../../arm-none-eabi/lib/thumb/v7e-m+fp/hard\libc_nano.a(lib_a-mlock.o)
[...]
Memory Configuration

Name             Origin             Length             Attributes
RAM              0x0000000020000000 0x0000000000040000 xrw
FLASH            0x0000000008000000 0x0000000000040000 xr
*default*        0x0000000000000000 0xffffffffffffffff

Linker script and memory map

LOAD c:/st/stm32cubeide_1.6.0/stm32cubeide/plugins/com.st.stm32cube.ide.mcu.externaltools.gnu-tools-for-stm32.9-2020-q2-update.win32_1.5.0.202011040924/tools/bin/../lib/gcc/arm-none-eabi/9.3.1/thumb/v7e-m+fp/hard/crti.o
LOAD c:/st/stm32cubeide_1.6.0/stm32cubeide/plugins/com.st.stm32cube.ide.mcu.externaltools.gnu-tools-for-stm32.9-2020-q2-update.win32_1.5.0.202011040924/tools/bin/../lib/gcc/arm-none-eabi/9.3.1/thumb/v7e-m+fp/hard/crtbegin.o
LOAD c:/st/stm32cubeide_1.6.0/stm32cubeide/plugins/com.st.stm32cube.ide.mcu.externaltools.gnu-tools-for-stm32.9-2020-q2-update.win32_1.5.0.202011040924/tools/bin/../lib/gcc/arm-none-eabi/9.3.1/../../../../arm-none-eabi/lib/thumb/v7e-m+fp/hard/crt0.o
LOAD Core/Src/Drivers/gen_clock.o
LOAD Core/Src/Drivers/max2837.o
LOAD Core/Src/Drivers/rffc5072.o
LOAD Core/Src/Drivers/utils.o
LOAD Core/Src/main.o
LOAD Core/Src/stm32f7xx_hal_msp.o
LOAD Core/Src/stm32f7xx_it.o
LOAD Core/Src/syscalls.o
LOAD Core/Src/sysmem.o
LOAD Core/Src/system_stm32f7xx.o
LOAD Core/Startup/startup_stm32f723zctx.o
LOAD Drivers/STM32F7xx_HAL_Driver/Src/stm32f7xx_hal.o
LOAD Drivers/STM32F7xx_HAL_Driver/Src/stm32f7xx_hal_adc.o
LOAD Drivers/STM32F7xx_HAL_Driver/Src/stm32f7xx_hal_adc_ex.o
LOAD Drivers/STM32F7xx_HAL_Driver/Src/stm32f7xx_hal_cortex.o
LOAD Drivers/STM32F7xx_HAL_Driver/Src/stm32f7xx_hal_dma.o
LOAD Drivers/STM32F7xx_HAL_Driver/Src/stm32f7xx_hal_dma_ex.o
LOAD Drivers/STM32F7xx_HAL_Driver/Src/stm32f7xx_hal_exti.o
LOAD Drivers/STM32F7xx_HAL_Driver/Src/stm32f7xx_hal_flash.o
LOAD Drivers/STM32F7xx_HAL_Driver/Src/stm32f7xx_hal_flash_ex.o
LOAD Drivers/STM32F7xx_HAL_Driver/Src/stm32f7xx_hal_gpio.o
LOAD Drivers/STM32F7xx_HAL_Driver/Src/stm32f7xx_hal_i2c.o
LOAD Drivers/STM32F7xx_HAL_Driver/Src/stm32f7xx_hal_i2c_ex.o
LOAD Drivers/STM32F7xx_HAL_Driver/Src/stm32f7xx_hal_pcd.o
LOAD Drivers/STM32F7xx_HAL_Driver/Src/stm32f7xx_hal_pcd_ex.o
LOAD Drivers/STM32F7xx_HAL_Driver/Src/stm32f7xx_hal_pwr.o
LOAD Drivers/STM32F7xx_HAL_Driver/Src/stm32f7xx_hal_pwr_ex.o
LOAD Drivers/STM32F7xx_HAL_Driver/Src/stm32f7xx_hal_rcc.o
LOAD Drivers/STM32F7xx_HAL_Driver/Src/stm32f7xx_hal_rcc_ex.o
LOAD Drivers/STM32F7xx_HAL_Driver/Src/stm32f7xx_hal_spi.o
LOAD Drivers/STM32F7xx_HAL_Driver/Src/stm32f7xx_hal_spi_ex.o
LOAD Drivers/STM32F7xx_HAL_Driver/Src/stm32f7xx_hal_tim.o
LOAD Drivers/STM32F7xx_HAL_Driver/Src/stm32f7xx_hal_tim_ex.o
LOAD Drivers/STM32F7xx_HAL_Driver/Src/stm32f7xx_ll_usb.o
LOAD Middlewares/ST/STM32_USB_Device_Library/Class/CDC/Src/usbd_cdc.o
LOAD Middlewares/ST/STM32_USB_Device_Library/Core/Src/usbd_core.o
LOAD Middlewares/ST/STM32_USB_Device_Library/Core/Src/usbd_ctlreq.o
LOAD Middlewares/ST/STM32_USB_Device_Library/Core/Src/usbd_ioreq.o
LOAD USB_DEVICE/App/usb_device.o
LOAD USB_DEVICE/App/usbd_cdc_if.o
LOAD USB_DEVICE/App/usbd_desc.o
LOAD USB_DEVICE/Target/usbd_conf.o
START GROUP
LOAD c:/st/stm32cubeide_1.6.0/stm32cubeide/plugins/com.st.stm32cube.ide.mcu.externaltools.gnu-tools-for-stm32.9-2020-q2-update.win32_1.5.0.202011040924/tools/bin/../lib/gcc/arm-none-eabi/9.3.1/../../../../arm-none-eabi/lib/thumb/v7e-m+fp/hard\libc_nano.a
LOAD c:/st/stm32cubeide_1.6.0/stm32cubeide/plugins/com.st.stm32cube.ide.mcu.externaltools.gnu-tools-for-stm32.9-2020-q2-update.win32_1.5.0.202011040924/tools/bin/../lib/gcc/arm-none-eabi/9.3.1/../../../../arm-none-eabi/lib/thumb/v7e-m+fp/hard\libm.a
END GROUP
START GROUP
LOAD c:/st/stm32cubeide_1.6.0/stm32cubeide/plugins/com.st.stm32cube.ide.mcu.externaltools.gnu-tools-for-stm32.9-2020-q2-update.win32_1.5.0.202011040924/tools/bin/../lib/gcc/arm-none-eabi/9.3.1/thumb/v7e-m+fp/hard\libgcc.a
LOAD c:/st/stm32cubeide_1.6.0/stm32cubeide/plugins/com.st.stm32cube.ide.mcu.externaltools.gnu-tools-for-stm32.9-2020-q2-update.win32_1.5.0.202011040924/tools/bin/../lib/gcc/arm-none-eabi/9.3.1/../../../../arm-none-eabi/lib/thumb/v7e-m+fp/hard\libc_nano.a
END GROUP
START GROUP
LOAD c:/st/stm32cubeide_1.6.0/stm32cubeide/plugins/com.st.stm32cube.ide.mcu.externaltools.gnu-tools-for-stm32.9-2020-q2-update.win32_1.5.0.202011040924/tools/bin/../lib/gcc/arm-none-eabi/9.3.1/thumb/v7e-m+fp/hard\libgcc.a
LOAD c:/st/stm32cubeide_1.6.0/stm32cubeide/plugins/com.st.stm32cube.ide.mcu.externaltools.gnu-tools-for-stm32.9-2020-q2-update.win32_1.5.0.202011040924/tools/bin/../lib/gcc/arm-none-eabi/9.3.1/../../../../arm-none-eabi/lib/thumb/v7e-m+fp/hard\libc_nano.a
LOAD c:/st/stm32cubeide_1.6.0/stm32cubeide/plugins/com.st.stm32cube.ide.mcu.externaltools.gnu-tools-for-stm32.9-2020-q2-update.win32_1.5.0.202011040924/tools/bin/../lib/gcc/arm-none-eabi/9.3.1/../../../../arm-none-eabi/lib/thumb/v7e-m+fp/hard\libnosys.a
END GROUP
START GROUP
LOAD c:/st/stm32cubeide_1.6.0/stm32cubeide/plugins/com.st.stm32cube.ide.mcu.externaltools.gnu-tools-for-stm32.9-2020-q2-update.win32_1.5.0.202011040924/tools/bin/../lib/gcc/arm-none-eabi/9.3.1/thumb/v7e-m+fp/hard\libgcc.a
LOAD c:/st/stm32cubeide_1.6.0/stm32cubeide/plugins/com.st.stm32cube.ide.mcu.externaltools.gnu-tools-for-stm32.9-2020-q2-update.win32_1.5.0.202011040924/tools/bin/../lib/gcc/arm-none-eabi/9.3.1/../../../../arm-none-eabi/lib/thumb/v7e-m+fp/hard\libc_nano.a
LOAD c:/st/stm32cubeide_1.6.0/stm32cubeide/plugins/com.st.stm32cube.ide.mcu.externaltools.gnu-tools-for-stm32.9-2020-q2-update.win32_1.5.0.202011040924/tools/bin/../lib/gcc/arm-none-eabi/9.3.1/../../../../arm-none-eabi/lib/thumb/v7e-m+fp/hard\libnosys.a
END GROUP
LOAD c:/st/stm32cubeide_1.6.0/stm32cubeide/plugins/com.st.stm32cube.ide.mcu.externaltools.gnu-tools-for-stm32.9-2020-q2-update.win32_1.5.0.202011040924/tools/bin/../lib/gcc/arm-none-eabi/9.3.1/thumb/v7e-m+fp/hard/crtend.o
LOAD c:/st/stm32cubeide_1.6.0/stm32cubeide/plugins/com.st.stm32cube.ide.mcu.externaltools.gnu-tools-for-stm32.9-2020-q2-update.win32_1.5.0.202011040924/tools/bin/../lib/gcc/arm-none-eabi/9.3.1/thumb/v7e-m+fp/hard/crtn.o
                0x0000000020040000                _estack = (ORIGIN (RAM) + LENGTH (RAM))
                0x0000000000000200                _Min_Heap_Size = 0x200
                0x0000000000000400                _Min_Stack_Size = 0x400

.isr_vector     0x0000000008000000      0x1e0
                0x0000000008000000                . = ALIGN (0x4)
 *(.isr_vector)
 .isr_vector    0x0000000008000000      0x1e0 Core/Startup/startup_stm32f723zctx.o
                0x0000000008000000                g_pfnVectors
                0x00000000080001e0                . = ALIGN (0x4)

.text           0x00000000080001e0     0xc47c
                0x00000000080001e0                . = ALIGN (0x4)
 *(.text)
 .text          0x00000000080001e0       0x40 c:/st/stm32cubeide_1.6.0/stm32cubeide/plugins/com.st.stm32cube.ide.mcu.externaltools.gnu-tools-for-stm32.9-2020-q2-update.win32_1.5.0.202011040924/tools/bin/../lib/gcc/arm-none-eabi/9.3.1/thumb/v7e-m+fp/hard/crtbegin.o
 .text          0x0000000008000220       0x30 c:/st/stm32cubeide_1.6.0/stm32cubeide/plugins/com.st.stm32cube.ide.mcu.externaltools.gnu-tools-for-stm32.9-2020-q2-update.win32_1.5.0.202011040924/tools/bin/../lib/gcc/arm-none-eabi/9.3.1/thumb/v7e-m+fp/hard\libgcc.a(_aeabi_uldivmod.o)
                0x0000000008000220                __aeabi_uldivmod
 .text          0x0000000008000250      0x2c4 c:/st/stm32cubeide_1.6.0/stm32cubeide/plugins/com.st.stm32cube.ide.mcu.externaltools.gnu-tools-for-stm32.9-2020-q2-update.win32_1.5.0.202011040924/tools/bin/../lib/gcc/arm-none-eabi/9.3.1/thumb/v7e-m+fp/hard\libgcc.a(_udivmoddi4.o)
                0x0000000008000250                __udivmoddi4
 .text          0x0000000008000514        0x4 c:/st/stm32cubeide_1.6.0/stm32cubeide/plugins/com.st.stm32cube.ide.mcu.externaltools.gnu-tools-for-stm32.9-2020-q2-update.win32_1.5.0.202011040924/tools/bin/../lib/gcc/arm-none-eabi/9.3.1/thumb/v7e-m+fp/hard\libgcc.a(_dvmd_tls.o)
                0x0000000008000514                __aeabi_idiv0
                0x0000000008000514                __aeabi_ldiv0
 *(.text*)
 .text.genclk_init
                0x0000000008000518      0x208 Core/Src/Drivers/gen_clock.o
                0x0000000008000518                genclk_init
 .text.genclk_i2c_write
                0x0000000008000720       0x40 Core/Src/Drivers/gen_clock.o
                0x0000000008000720                genclk_i2c_write
 .text.genclk_outEn
                0x0000000008000760       0x64 Core/Src/Drivers/gen_clock.o
                0x0000000008000760                genclk_outEn
 *fill*         0x00000000080007c4        0x4 
 .text.genclk_fod_settings
                0x00000000080007c8      0x1f4 Core/Src/Drivers/gen_clock.o
                0x00000000080007c8                genclk_fod_settings
 .text.max2837_init
                0x00000000080009bc       0xfc Core/Src/Drivers/max2837.o
                0x00000000080009bc                max2837_init
 .text.max2837_write_reg
                0x0000000008000ab8       0xce Core/Src/Drivers/max2837.o
                0x0000000008000ab8                max2837_write_reg
 .text.max2837_read_reg
                0x0000000008000b86       0x7e Core/Src/Drivers/max2837.o
                0x0000000008000b86                max2837_read_reg
 .text.max2837_get_temp
                0x0000000008000c04       0x72 Core/Src/Drivers/max2837.o
                0x0000000008000c04                max2837_get_temp
 .text.max2837_set_mode
                0x0000000008000c76       0xa6 Core/Src/Drivers/max2837.o
                0x0000000008000c76                max2837_set_mode
 .text.max2837_set_freq
                0x0000000008000d1c       0xd0 Core/Src/Drivers/max2837.o
                0x0000000008000d1c                max2837_set_freq
 .text.max2837_set_lna_gain
                0x0000000008000dec      0x108 Core/Src/Drivers/max2837.o
                0x0000000008000dec                max2837_set_lna_gain
 .text.max2837_set_lpf_bw
                0x0000000008000ef4       0xe0 Core/Src/Drivers/max2837.o
                0x0000000008000ef4                max2837_set_lpf_bw
 .text.max2837_set_vga_gain
                0x0000000008000fd4       0x46 Core/Src/Drivers/max2837.o
                0x0000000008000fd4                max2837_set_vga_gain
 *fill*         0x000000000800101a        0x2 
 .text.rffc5072_init
                0x000000000800101c       0xb0 Core/Src/Drivers/rffc5072.o
                0x000000000800101c                rffc5072_init
 .text.rffc5072_write_reg
                0x00000000080010cc       0xe8 Core/Src/Drivers/rffc5072.o
                0x00000000080010cc                rffc5072_write_reg
 .text.rffc5072_set_freq
                0x00000000080011b4      0x334 Core/Src/Drivers/rffc5072.o
                0x00000000080011b4                rffc5072_set_freq
 .text.rffc5072_lower_phase_noise
                0x00000000080014e8      0x264 Core/Src/Drivers/rffc5072.o
                0x00000000080014e8                rffc5072_lower_phase_noise
 .text.rffc5072_enable
                0x000000000800174c       0x20 Core/Src/Drivers/rffc5072.o
                0x000000000800174c                rffc5072_enable
 .text.rffc5072_disable
                0x000000000800176c       0x20 Core/Src/Drivers/rffc5072.o
                0x000000000800176c                rffc5072_disable
 .text.spi_enable
                0x000000000800178c       0x20 Core/Src/Drivers/utils.o
                0x000000000800178c                spi_enable
 .text.spi_disable
                0x00000000080017ac       0x20 Core/Src/Drivers/utils.o
                0x00000000080017ac                spi_disable
 .text.bit_mask
                0x00000000080017cc       0x58 Core/Src/Drivers/utils.o
                0x00000000080017cc                bit_mask
 .text.bypass_rf_mixer
                0x0000000008001824       0x54 Core/Src/Drivers/utils.o
                0x0000000008001824                bypass_rf_mixer
 .text.max1193_set_mode
                0x0000000008001878       0x9c Core/Src/Drivers/utils.o
                0x0000000008001878                max1193_set_mode
 .text.gpio_init
                0x0000000008001914       0x58 Core/Src/Drivers/utils.o
                0x0000000008001914                gpio_init
 .text.tune_freq
                0x000000000800196c       0x9c Core/Src/Drivers/utils.o
                0x000000000800196c                tune_freq
 .text.pack_iq_samples
                0x0000000008001a08      0x274 Core/Src/Drivers/utils.o
                0x0000000008001a08                pack_iq_samples
 .text.quick_test
                0x0000000008001c7c       0x48 Core/Src/Drivers/utils.o
                0x0000000008001c7c                quick_test
 .text.HAL_SPI_TxCpltCallback
                0x0000000008001cc4       0xc0 Core/Src/main.o
                0x0000000008001cc4                HAL_SPI_TxCpltCallback
 .text.HAL_SPI_RxCpltCallback
                0x0000000008001d84       0x58 Core/Src/main.o
                0x0000000008001d84                HAL_SPI_RxCpltCallback
 .text.HAL_SPI_TxRxCpltCallback
                0x0000000008001ddc       0x58 Core/Src/main.o
                0x0000000008001ddc                HAL_SPI_TxRxCpltCallback
 .text.main     0x0000000008001e34       0xb4 Core/Src/main.o
                0x0000000008001e34                main
 .text.SystemClock_Config
                0x0000000008001ee8      0x128 Core/Src/main.o
                0x0000000008001ee8                SystemClock_Config
 .text.MX_ADC1_Init
                0x0000000008002010       0xa4 Core/Src/main.o
 .text.MX_I2C1_Init
                0x00000000080020b4       0x80 Core/Src/main.o
 .text.MX_SPI1_Init
                0x0000000008002134       0x7c Core/Src/main.o
 .text.MX_SPI4_Init
                0x00000000080021b0       0x7c Core/Src/main.o
 .text.MX_GPIO_Init
                0x000000000800222c      0x2e4 Core/Src/main.o
 .text.Error_Handler
                0x0000000008002510        0xa Core/Src/main.o
                0x0000000008002510                Error_Handler
 *fill*         0x000000000800251a        0x2 
 .text.HAL_MspInit
                0x000000000800251c       0x54 Core/Src/stm32f7xx_hal_msp.o
                0x000000000800251c                HAL_MspInit
 .text.HAL_ADC_MspInit
                0x0000000008002570       0x90 Core/Src/stm32f7xx_hal_msp.o
                0x0000000008002570                HAL_ADC_MspInit
 .text.HAL_I2C_MspInit
                0x0000000008002600       0xa8 Core/Src/stm32f7xx_hal_msp.o
                0x0000000008002600                HAL_I2C_MspInit
 .text.HAL_SPI_MspInit
                0x00000000080026a8       0xfc Core/Src/stm32f7xx_hal_msp.o
                0x00000000080026a8                HAL_SPI_MspInit
 .text.NMI_Handler
                0x00000000080027a4        0x6 Core/Src/stm32f7xx_it.o
                0x00000000080027a4                NMI_Handler
 .text.HardFault_Handler
                0x00000000080027aa        0x6 Core/Src/stm32f7xx_it.o
                0x00000000080027aa                HardFault_Handler
 .text.MemManage_Handler
                0x00000000080027b0        0x6 Core/Src/stm32f7xx_it.o
                0x00000000080027b0                MemManage_Handler
 .text.BusFault_Handler
                0x00000000080027b6        0x6 Core/Src/stm32f7xx_it.o
                0x00000000080027b6                BusFault_Handler
 .text.UsageFault_Handler
                0x00000000080027bc        0x6 Core/Src/stm32f7xx_it.o
                0x00000000080027bc                UsageFault_Handler
 .text.SVC_Handler
                0x00000000080027c2        0xe Core/Src/stm32f7xx_it.o
                0x00000000080027c2                SVC_Handler
 .text.DebugMon_Handler
                0x00000000080027d0        0xe Core/Src/stm32f7xx_it.o
                0x00000000080027d0                DebugMon_Handler
 .text.PendSV_Handler
                0x00000000080027de        0xe Core/Src/stm32f7xx_it.o
                0x00000000080027de                PendSV_Handler
 .text.SysTick_Handler
                0x00000000080027ec        0xc Core/Src/stm32f7xx_it.o
                0x00000000080027ec                SysTick_Handler
 .text.RCC_IRQHandler
                0x00000000080027f8        0xe Core/Src/stm32f7xx_it.o
                0x00000000080027f8                RCC_IRQHandler
 *fill*         0x0000000008002806        0x2 
 .text.ADC_IRQHandler
                0x0000000008002808       0x14 Core/Src/stm32f7xx_it.o
                0x0000000008002808                ADC_IRQHandler
 .text.I2C1_EV_IRQHandler
                0x000000000800281c       0x14 Core/Src/stm32f7xx_it.o
                0x000000000800281c                I2C1_EV_IRQHandler
 .text.I2C1_ER_IRQHandler
                0x0000000008002830       0x14 Core/Src/stm32f7xx_it.o
                0x0000000008002830                I2C1_ER_IRQHandler
 .text.SPI1_IRQHandler
                0x0000000008002844       0x14 Core/Src/stm32f7xx_it.o
                0x0000000008002844                SPI1_IRQHandler
 .text.OTG_HS_EP1_OUT_IRQHandler
                0x0000000008002858       0x14 Core/Src/stm32f7xx_it.o
                0x0000000008002858                OTG_HS_EP1_OUT_IRQHandler
 .text.OTG_HS_EP1_IN_IRQHandler
                0x000000000800286c       0x14 Core/Src/stm32f7xx_it.o
                0x000000000800286c                OTG_HS_EP1_IN_IRQHandler
 .text.OTG_HS_IRQHandler
                0x0000000008002880       0x14 Core/Src/stm32f7xx_it.o
                0x0000000008002880                OTG_HS_IRQHandler
 .text._sbrk    0x0000000008002894       0x6c Core/Src/sysmem.o
                0x0000000008002894                _sbrk
 .text.SystemInit
                0x0000000008002900       0x24 Core/Src/system_stm32f7xx.o
                0x0000000008002900                SystemInit
 .text.Reset_Handler
                0x0000000008002924       0x50 Core/Startup/startup_stm32f723zctx.o
                0x0000000008002924                Reset_Handler
 .text.Default_Handler
                0x0000000008002974        0x2 Core/Startup/startup_stm32f723zctx.o
                0x0000000008002974                RTC_Alarm_IRQHandler
                0x0000000008002974                EXTI2_IRQHandler
                0x0000000008002974                TIM8_CC_IRQHandler
                0x0000000008002974                UART8_IRQHandler
                0x0000000008002974                SPI4_IRQHandler
                0x0000000008002974                TIM1_CC_IRQHandler
                0x0000000008002974                DMA2_Stream5_IRQHandler
                0x0000000008002974                DMA1_Stream5_IRQHandler
                0x0000000008002974                PVD_IRQHandler
                0x0000000008002974                TAMP_STAMP_IRQHandler
                0x0000000008002974                EXTI3_IRQHandler
                0x0000000008002974                TIM8_TRG_COM_TIM14_IRQHandler
                0x0000000008002974                TIM1_UP_TIM10_IRQHandler
                0x0000000008002974                TIM8_UP_TIM13_IRQHandler
                0x0000000008002974                I2C3_ER_IRQHandler
                0x0000000008002974                EXTI0_IRQHandler
                0x0000000008002974                I2C2_EV_IRQHandler
                0x0000000008002974                DMA1_Stream2_IRQHandler
                0x0000000008002974                CAN1_RX0_IRQHandler
                0x0000000008002974                FPU_IRQHandler
                0x0000000008002974                OTG_HS_WKUP_IRQHandler
                0x0000000008002974                DMA2_Stream2_IRQHandler
                0x0000000008002974                TIM6_DAC_IRQHandler
                0x0000000008002974                TIM1_BRK_TIM9_IRQHandler
                0x0000000008002974                DMA2_Stream3_IRQHandler
                0x0000000008002974                SAI2_IRQHandler
                0x0000000008002974                USART6_IRQHandler
                0x0000000008002974                USART3_IRQHandler
                0x0000000008002974                CAN1_RX1_IRQHandler
                0x0000000008002974                UART5_IRQHandler
                0x0000000008002974                DMA2_Stream0_IRQHandler
                0x0000000008002974                TIM4_IRQHandler
                0x0000000008002974                QUADSPI_IRQHandler
                0x0000000008002974                DMA1_Stream6_IRQHandler
                0x0000000008002974                DMA1_Stream1_IRQHandler
                0x0000000008002974                UART4_IRQHandler
                0x0000000008002974                TIM3_IRQHandler
                0x0000000008002974                TIM8_BRK_TIM12_IRQHandler
                0x0000000008002974                Default_Handler
                0x0000000008002974                EXTI15_10_IRQHandler
                0x0000000008002974                DMA1_Stream7_IRQHandler
                0x0000000008002974                SPI5_IRQHandler
                0x0000000008002974                TIM7_IRQHandler
                0x0000000008002974                SDMMC1_IRQHandler
                0x0000000008002974                TIM5_IRQHandler
                0x0000000008002974                DMA2_Stream7_IRQHandler
                0x0000000008002974                I2C3_EV_IRQHandler
                0x0000000008002974                EXTI9_5_IRQHandler
                0x0000000008002974                RTC_WKUP_IRQHandler
                0x0000000008002974                SPI2_IRQHandler
                0x0000000008002974                DMA1_Stream0_IRQHandler
                0x0000000008002974                CAN1_TX_IRQHandler
                0x0000000008002974                EXTI4_IRQHandler
                0x0000000008002974                RNG_IRQHandler
                0x0000000008002974                WWDG_IRQHandler
                0x0000000008002974                TIM2_IRQHandler
                0x0000000008002974                OTG_FS_WKUP_IRQHandler
                0x0000000008002974                TIM1_TRG_COM_TIM11_IRQHandler
                0x0000000008002974                EXTI1_IRQHandler
                0x0000000008002974                SDMMC2_IRQHandler
                0x0000000008002974                UART7_IRQHandler
                0x0000000008002974                USART2_IRQHandler
                0x0000000008002974                I2C2_ER_IRQHandler
                0x0000000008002974                DMA2_Stream1_IRQHandler
                0x0000000008002974                CAN1_SCE_IRQHandler
                0x0000000008002974                FLASH_IRQHandler
                0x0000000008002974                DMA2_Stream4_IRQHandler
                0x0000000008002974                USART1_IRQHandler
                0x0000000008002974                OTG_FS_IRQHandler
                0x0000000008002974                SPI3_IRQHandler
                0x0000000008002974                DMA1_Stream4_IRQHandler
                0x0000000008002974                FMC_IRQHandler
                0x0000000008002974                LPTIM1_IRQHandler
                0x0000000008002974                DMA2_Stream6_IRQHandler
                0x0000000008002974                SAI1_IRQHandler
                0x0000000008002974                DMA1_Stream3_IRQHandler
 .text.HAL_Init
                0x0000000008002976       0x1a Drivers/STM32F7xx_HAL_Driver/Src/stm32f7xx_hal.o
                0x0000000008002976                HAL_Init
 .text.HAL_InitTick
                0x0000000008002990       0x60 Drivers/STM32F7xx_HAL_Driver/Src/stm32f7xx_hal.o
                0x0000000008002990                HAL_InitTick
 .text.HAL_IncTick
                0x00000000080029f0       0x28 Drivers/STM32F7xx_HAL_Driver/Src/stm32f7xx_hal.o
                0x00000000080029f0                HAL_IncTick
 .text.HAL_GetTick
                0x0000000008002a18       0x18 Drivers/STM32F7xx_HAL_Driver/Src/stm32f7xx_hal.o
                0x0000000008002a18                HAL_GetTick
 .text.HAL_Delay
                0x0000000008002a30       0x48 Drivers/STM32F7xx_HAL_Driver/Src/stm32f7xx_hal.o
                0x0000000008002a30                HAL_Delay
 .text.HAL_ADC_Init
                0x0000000008002a78       0x88 Drivers/STM32F7xx_HAL_Driver/Src/stm32f7xx_hal_adc.o
                0x0000000008002a78                HAL_ADC_Init
 .text.HAL_ADC_Start
                0x0000000008002b00      0x19c Drivers/STM32F7xx_HAL_Driver/Src/stm32f7xx_hal_adc.o
                0x0000000008002b00                HAL_ADC_Start
 .text.HAL_ADC_PollForConversion
                0x0000000008002c9c      0x116 Drivers/STM32F7xx_HAL_Driver/Src/stm32f7xx_hal_adc.o
                0x0000000008002c9c                HAL_ADC_PollForConversion
 .text.HAL_ADC_IRQHandler
                0x0000000008002db2      0x282 Drivers/STM32F7xx_HAL_Driver/Src/stm32f7xx_hal_adc.o
                0x0000000008002db2                HAL_ADC_IRQHandler
 .text.HAL_ADC_GetValue
                0x0000000008003034       0x1a Drivers/STM32F7xx_HAL_Driver/Src/stm32f7xx_hal_adc.o
                0x0000000008003034                HAL_ADC_GetValue
 .text.HAL_ADC_ConvCpltCallback
                0x000000000800304e       0x14 Drivers/STM32F7xx_HAL_Driver/Src/stm32f7xx_hal_adc.o
                0x000000000800304e                HAL_ADC_ConvCpltCallback
 .text.HAL_ADC_LevelOutOfWindowCallback
                0x0000000008003062       0x14 Drivers/STM32F7xx_HAL_Driver/Src/stm32f7xx_hal_adc.o
                0x0000000008003062                HAL_ADC_LevelOutOfWindowCallback
 .text.HAL_ADC_ErrorCallback
                0x0000000008003076       0x14 Drivers/STM32F7xx_HAL_Driver/Src/stm32f7xx_hal_adc.o
                0x0000000008003076                HAL_ADC_ErrorCallback
 *fill*         0x000000000800308a        0x2 
 .text.HAL_ADC_ConfigChannel
                0x000000000800308c      0x294 Drivers/STM32F7xx_HAL_Driver/Src/stm32f7xx_hal_adc.o
                0x000000000800308c                HAL_ADC_ConfigChannel
 .text.ADC_Init
                0x0000000008003320      0x1f4 Drivers/STM32F7xx_HAL_Driver/Src/stm32f7xx_hal_adc.o
 .text.HAL_ADCEx_InjectedConvCpltCallback
                0x0000000008003514       0x14 Drivers/STM32F7xx_HAL_Driver/Src/stm32f7xx_hal_adc_ex.o
                0x0000000008003514                HAL_ADCEx_InjectedConvCpltCallback
 .text.__NVIC_SetPriorityGrouping
                0x0000000008003528       0x48 Drivers/STM32F7xx_HAL_Driver/Src/stm32f7xx_hal_cortex.o
 .text.__NVIC_GetPriorityGrouping
                0x0000000008003570       0x1c Drivers/STM32F7xx_HAL_Driver/Src/stm32f7xx_hal_cortex.o
 .text.__NVIC_EnableIRQ
                0x000000000800358c       0x3c Drivers/STM32F7xx_HAL_Driver/Src/stm32f7xx_hal_cortex.o
 .text.__NVIC_SetPriority
                0x00000000080035c8       0x54 Drivers/STM32F7xx_HAL_Driver/Src/stm32f7xx_hal_cortex.o
 .text.NVIC_EncodePriority
                0x000000000800361c       0x66 Drivers/STM32F7xx_HAL_Driver/Src/stm32f7xx_hal_cortex.o
 *fill*         0x0000000008003682        0x2 
 .text.SysTick_Config
                0x0000000008003684       0x44 Drivers/STM32F7xx_HAL_Driver/Src/stm32f7xx_hal_cortex.o
 .text.HAL_NVIC_SetPriorityGrouping
                0x00000000080036c8       0x16 Drivers/STM32F7xx_HAL_Driver/Src/stm32f7xx_hal_cortex.o
                0x00000000080036c8                HAL_NVIC_SetPriorityGrouping
 .text.HAL_NVIC_SetPriority
                0x00000000080036de       0x38 Drivers/STM32F7xx_HAL_Driver/Src/stm32f7xx_hal_cortex.o
                0x00000000080036de                HAL_NVIC_SetPriority
 .text.HAL_NVIC_EnableIRQ
                0x0000000008003716       0x1c Drivers/STM32F7xx_HAL_Driver/Src/stm32f7xx_hal_cortex.o
                0x0000000008003716                HAL_NVIC_EnableIRQ
 .text.HAL_SYSTICK_Config
                0x0000000008003732       0x18 Drivers/STM32F7xx_HAL_Driver/Src/stm32f7xx_hal_cortex.o
                0x0000000008003732                HAL_SYSTICK_Config
 .text.HAL_DMA_Abort_IT
                0x000000000800374a       0x44 Drivers/STM32F7xx_HAL_Driver/Src/stm32f7xx_hal_dma.o
                0x000000000800374a                HAL_DMA_Abort_IT
 .text.HAL_DMA_GetState
                0x000000000800378e       0x1c Drivers/STM32F7xx_HAL_Driver/Src/stm32f7xx_hal_dma.o
                0x000000000800378e                HAL_DMA_GetState
 *fill*         0x00000000080037aa        0x2 
 .text.HAL_GPIO_Init
                0x00000000080037ac      0x338 Drivers/STM32F7xx_HAL_Driver/Src/stm32f7xx_hal_gpio.o
                0x00000000080037ac                HAL_GPIO_Init
 .text.HAL_GPIO_ReadPin
                0x0000000008003ae4       0x30 Drivers/STM32F7xx_HAL_Driver/Src/stm32f7xx_hal_gpio.o
                0x0000000008003ae4                HAL_GPIO_ReadPin
 .text.HAL_GPIO_WritePin
                0x0000000008003b14       0x32 Drivers/STM32F7xx_HAL_Driver/Src/stm32f7xx_hal_gpio.o
                0x0000000008003b14                HAL_GPIO_WritePin
 *fill*         0x0000000008003b46        0x2 
 .text.HAL_I2C_Init
                0x0000000008003b48      0x120 Drivers/STM32F7xx_HAL_Driver/Src/stm32f7xx_hal_i2c.o
                0x0000000008003b48                HAL_I2C_Init
 .text.HAL_I2C_Mem_Write_IT
                0x0000000008003c68      0x128 Drivers/STM32F7xx_HAL_Driver/Src/stm32f7xx_hal_i2c.o
                0x0000000008003c68                HAL_I2C_Mem_Write_IT
 .text.HAL_I2C_EV_IRQHandler
                0x0000000008003d90       0x34 Drivers/STM32F7xx_HAL_Driver/Src/stm32f7xx_hal_i2c.o
                0x0000000008003d90                HAL_I2C_EV_IRQHandler
 .text.HAL_I2C_ER_IRQHandler
                0x0000000008003dc4       0xc2 Drivers/STM32F7xx_HAL_Driver/Src/stm32f7xx_hal_i2c.o
                0x0000000008003dc4                HAL_I2C_ER_IRQHandler
 .text.HAL_I2C_MasterTxCpltCallback
                0x0000000008003e86       0x14 Drivers/STM32F7xx_HAL_Driver/Src/stm32f7xx_hal_i2c.o
                0x0000000008003e86                HAL_I2C_MasterTxCpltCallback
 .text.HAL_I2C_MasterRxCpltCallback
                0x0000000008003e9a       0x14 Drivers/STM32F7xx_HAL_Driver/Src/stm32f7xx_hal_i2c.o
                0x0000000008003e9a                HAL_I2C_MasterRxCpltCallback
 .text.HAL_I2C_SlaveTxCpltCallback
                0x0000000008003eae       0x14 Drivers/STM32F7xx_HAL_Driver/Src/stm32f7xx_hal_i2c.o
                0x0000000008003eae                HAL_I2C_SlaveTxCpltCallback
 .text.HAL_I2C_SlaveRxCpltCallback
                0x0000000008003ec2       0x14 Drivers/STM32F7xx_HAL_Driver/Src/stm32f7xx_hal_i2c.o
                0x0000000008003ec2                HAL_I2C_SlaveRxCpltCallback
 .text.HAL_I2C_AddrCallback
                0x0000000008003ed6       0x1c Drivers/STM32F7xx_HAL_Driver/Src/stm32f7xx_hal_i2c.o
                0x0000000008003ed6                HAL_I2C_AddrCallback
 .text.HAL_I2C_ListenCpltCallback
                0x0000000008003ef2       0x14 Drivers/STM32F7xx_HAL_Driver/Src/stm32f7xx_hal_i2c.o
                0x0000000008003ef2                HAL_I2C_ListenCpltCallback
 .text.HAL_I2C_MemTxCpltCallback
                0x0000000008003f06       0x14 Drivers/STM32F7xx_HAL_Driver/Src/stm32f7xx_hal_i2c.o
                0x0000000008003f06                HAL_I2C_MemTxCpltCallback
 .text.HAL_I2C_MemRxCpltCallback
                0x0000000008003f1a       0x14 Drivers/STM32F7xx_HAL_Driver/Src/stm32f7xx_hal_i2c.o
                0x0000000008003f1a                HAL_I2C_MemRxCpltCallback
 .text.HAL_I2C_ErrorCallback
                0x0000000008003f2e       0x14 Drivers/STM32F7xx_HAL_Driver/Src/stm32f7xx_hal_i2c.o
                0x0000000008003f2e                HAL_I2C_ErrorCallback
 .text.HAL_I2C_AbortCpltCallback
                0x0000000008003f42       0x14 Drivers/STM32F7xx_HAL_Driver/Src/stm32f7xx_hal_i2c.o
                0x0000000008003f42                HAL_I2C_AbortCpltCallback
 .text.I2C_Master_ISR_IT
                0x0000000008003f56      0x250 Drivers/STM32F7xx_HAL_Driver/Src/stm32f7xx_hal_i2c.o
 .text.I2C_Slave_ISR_IT
                0x00000000080041a6      0x206 Drivers/STM32F7xx_HAL_Driver/Src/stm32f7xx_hal_i2c.o
 .text.I2C_Master_ISR_DMA
                0x00000000080043ac      0x1e6 Drivers/STM32F7xx_HAL_Driver/Src/stm32f7xx_hal_i2c.o
 .text.I2C_Slave_ISR_DMA
                0x0000000008004592      0x1c0 Drivers/STM32F7xx_HAL_Driver/Src/stm32f7xx_hal_i2c.o
 *fill*         0x0000000008004752        0x2 
 .text.I2C_RequestMemoryWrite
                0x0000000008004754       0xa8 Drivers/STM32F7xx_HAL_Driver/Src/stm32f7xx_hal_i2c.o
 .text.I2C_ITAddrCplt
                0x00000000080047fc      0x108 Drivers/STM32F7xx_HAL_Driver/Src/stm32f7xx_hal_i2c.o
 .text.I2C_ITMasterSeqCplt
                0x0000000008004904       0x7a Drivers/STM32F7xx_HAL_Driver/Src/stm32f7xx_hal_i2c.o
 .text.I2C_ITSlaveSeqCplt
                0x000000000800497e       0xbc Drivers/STM32F7xx_HAL_Driver/Src/stm32f7xx_hal_i2c.o
 *fill*         0x0000000008004a3a        0x2 
 .text.I2C_ITMasterCplt
                0x0000000008004a3c      0x194 Drivers/STM32F7xx_HAL_Driver/Src/stm32f7xx_hal_i2c.o
 .text.I2C_ITSlaveCplt
                0x0000000008004bd0      0x214 Drivers/STM32F7xx_HAL_Driver/Src/stm32f7xx_hal_i2c.o
 .text.I2C_ITListenCplt
                0x0000000008004de4       0xac Drivers/STM32F7xx_HAL_Driver/Src/stm32f7xx_hal_i2c.o
 .text.I2C_ITError
                0x0000000008004e90      0x1a0 Drivers/STM32F7xx_HAL_Driver/Src/stm32f7xx_hal_i2c.o
 .text.I2C_TreatErrorCallback
                0x0000000008005030       0x4e Drivers/STM32F7xx_HAL_Driver/Src/stm32f7xx_hal_i2c.o
 .text.I2C_Flush_TXDR
                0x000000000800507e       0x48 Drivers/STM32F7xx_HAL_Driver/Src/stm32f7xx_hal_i2c.o
 .text.I2C_DMAAbort
                0x00000000080050c6       0x3c Drivers/STM32F7xx_HAL_Driver/Src/stm32f7xx_hal_i2c.o
 .text.I2C_WaitOnFlagUntilTimeout
                0x0000000008005102       0x80 Drivers/STM32F7xx_HAL_Driver/Src/stm32f7xx_hal_i2c.o
 .text.I2C_WaitOnTXISFlagUntilTimeout
                0x0000000008005182       0x80 Drivers/STM32F7xx_HAL_Driver/Src/stm32f7xx_hal_i2c.o
 *fill*         0x0000000008005202        0x2 
 .text.I2C_IsAcknowledgeFailed
                0x0000000008005204       0xcc Drivers/STM32F7xx_HAL_Driver/Src/stm32f7xx_hal_i2c.o
 .text.I2C_TransferConfig
                0x00000000080052d0       0x5c Drivers/STM32F7xx_HAL_Driver/Src/stm32f7xx_hal_i2c.o
 .text.I2C_Enable_IRQ
                0x000000000800532c       0xc8 Drivers/STM32F7xx_HAL_Driver/Src/stm32f7xx_hal_i2c.o
 .text.I2C_Disable_IRQ
                0x00000000080053f4       0xbc Drivers/STM32F7xx_HAL_Driver/Src/stm32f7xx_hal_i2c.o
 .text.HAL_I2CEx_ConfigAnalogFilter
                0x00000000080054b0       0x96 Drivers/STM32F7xx_HAL_Driver/Src/stm32f7xx_hal_i2c_ex.o
                0x00000000080054b0                HAL_I2CEx_ConfigAnalogFilter
 .text.HAL_I2CEx_ConfigDigitalFilter
                0x0000000008005546       0x98 Drivers/STM32F7xx_HAL_Driver/Src/stm32f7xx_hal_i2c_ex.o
                0x0000000008005546                HAL_I2CEx_ConfigDigitalFilter
 .text.HAL_PCD_Init
                0x00000000080055de      0x248 Drivers/STM32F7xx_HAL_Driver/Src/stm32f7xx_hal_pcd.o
                0x00000000080055de                HAL_PCD_Init
 .text.HAL_PCD_Start
                0x0000000008005826       0x44 Drivers/STM32F7xx_HAL_Driver/Src/stm32f7xx_hal_pcd.o
                0x0000000008005826                HAL_PCD_Start
 .text.HAL_PCD_IRQHandler
                0x000000000800586a      0x7be Drivers/STM32F7xx_HAL_Driver/Src/stm32f7xx_hal_pcd.o
                0x000000000800586a                HAL_PCD_IRQHandler
 .text.HAL_PCD_SetAddress
                0x0000000008006028       0x4a Drivers/STM32F7xx_HAL_Driver/Src/stm32f7xx_hal_pcd.o
                0x0000000008006028                HAL_PCD_SetAddress
 .text.HAL_PCD_EP_Open
                0x0000000008006072       0xd0 Drivers/STM32F7xx_HAL_Driver/Src/stm32f7xx_hal_pcd.o
                0x0000000008006072                HAL_PCD_EP_Open
 .text.HAL_PCD_EP_Close
                0x0000000008006142       0x94 Drivers/STM32F7xx_HAL_Driver/Src/stm32f7xx_hal_pcd.o
                0x0000000008006142                HAL_PCD_EP_Close
 .text.HAL_PCD_EP_Receive
                0x00000000080061d6       0x96 Drivers/STM32F7xx_HAL_Driver/Src/stm32f7xx_hal_pcd.o
                0x00000000080061d6                HAL_PCD_EP_Receive
 .text.HAL_PCD_EP_GetRxCount
                0x000000000800626c       0x30 Drivers/STM32F7xx_HAL_Driver/Src/stm32f7xx_hal_pcd.o
                0x000000000800626c                HAL_PCD_EP_GetRxCount
 .text.HAL_PCD_EP_Transmit
                0x000000000800629c       0x94 Drivers/STM32F7xx_HAL_Driver/Src/stm32f7xx_hal_pcd.o
                0x000000000800629c                HAL_PCD_EP_Transmit
 .text.HAL_PCD_EP_SetStall
                0x0000000008006330       0xc8 Drivers/STM32F7xx_HAL_Driver/Src/stm32f7xx_hal_pcd.o
                0x0000000008006330                HAL_PCD_EP_SetStall
 .text.HAL_PCD_EP_ClrStall
                0x00000000080063f8       0xac Drivers/STM32F7xx_HAL_Driver/Src/stm32f7xx_hal_pcd.o
                0x00000000080063f8                HAL_PCD_EP_ClrStall
 .text.PCD_WriteEmptyTxFifo
                0x00000000080064a4      0x11a Drivers/STM32F7xx_HAL_Driver/Src/stm32f7xx_hal_pcd.o
 *fill*         0x00000000080065be        0x2 
 .text.PCD_EP_OutXfrComplete_int
                0x00000000080065c0      0x218 Drivers/STM32F7xx_HAL_Driver/Src/stm32f7xx_hal_pcd.o
 .text.PCD_EP_OutSetupPacket_int
                0x00000000080067d8       0x8c Drivers/STM32F7xx_HAL_Driver/Src/stm32f7xx_hal_pcd.o
 .text.HAL_PCDEx_SetTxFiFo
                0x0000000008006864       0x8e Drivers/STM32F7xx_HAL_Driver/Src/stm32f7xx_hal_pcd_ex.o
                0x0000000008006864                HAL_PCDEx_SetTxFiFo
 .text.HAL_PCDEx_SetRxFiFo
                0x00000000080068f2       0x22 Drivers/STM32F7xx_HAL_Driver/Src/stm32f7xx_hal_pcd_ex.o
                0x00000000080068f2                HAL_PCDEx_SetRxFiFo
 .text.HAL_PCDEx_ActivateLPM
                0x0000000008006914       0x48 Drivers/STM32F7xx_HAL_Driver/Src/stm32f7xx_hal_pcd_ex.o
                0x0000000008006914                HAL_PCDEx_ActivateLPM
 .text.HAL_PCDEx_LPM_Callback
                0x000000000800695c       0x18 Drivers/STM32F7xx_HAL_Driver/Src/stm32f7xx_hal_pcd_ex.o
                0x000000000800695c                HAL_PCDEx_LPM_Callback
 .text.HAL_PWREx_EnableOverDrive
                0x0000000008006974       0xa0 Drivers/STM32F7xx_HAL_Driver/Src/stm32f7xx_hal_pwr_ex.o
                0x0000000008006974                HAL_PWREx_EnableOverDrive
 .text.HAL_RCC_OscConfig
                0x0000000008006a14      0x548 Drivers/STM32F7xx_HAL_Driver/Src/stm32f7xx_hal_rcc.o
                0x0000000008006a14                HAL_RCC_OscConfig
 .text.HAL_RCC_ClockConfig
                0x0000000008006f5c      0x1d8 Drivers/STM32F7xx_HAL_Driver/Src/stm32f7xx_hal_rcc.o
                0x0000000008006f5c                HAL_RCC_ClockConfig
 .text.HAL_RCC_GetSysClockFreq
                0x0000000008007134      0x16c Drivers/STM32F7xx_HAL_Driver/Src/stm32f7xx_hal_rcc.o
                0x0000000008007134                HAL_RCC_GetSysClockFreq
 .text.HAL_RCC_GetHCLKFreq
                0x00000000080072a0       0x18 Drivers/STM32F7xx_HAL_Driver/Src/stm32f7xx_hal_rcc.o
                0x00000000080072a0                HAL_RCC_GetHCLKFreq
 .text.HAL_RCCEx_PeriphCLKConfig
                0x00000000080072b8      0x694 Drivers/STM32F7xx_HAL_Driver/Src/stm32f7xx_hal_rcc_ex.o
                0x00000000080072b8                HAL_RCCEx_PeriphCLKConfig
 .text.HAL_SPI_Init
                0x000000000800794c      0x156 Drivers/STM32F7xx_HAL_Driver/Src/stm32f7xx_hal_spi.o
                0x000000000800794c                HAL_SPI_Init
 *fill*         0x0000000008007aa2        0x2 
 .text.HAL_SPI_Transmit_IT
                0x0000000008007aa4      0x11c Drivers/STM32F7xx_HAL_Driver/Src/stm32f7xx_hal_spi.o
                0x0000000008007aa4                HAL_SPI_Transmit_IT
 .text.HAL_SPI_Receive_IT
                0x0000000008007bc0      0x160 Drivers/STM32F7xx_HAL_Driver/Src/stm32f7xx_hal_spi.o
                0x0000000008007bc0                HAL_SPI_Receive_IT
 .text.HAL_SPI_TransmitReceive_IT
                0x0000000008007d20      0x160 Drivers/STM32F7xx_HAL_Driver/Src/stm32f7xx_hal_spi.o
                0x0000000008007d20                HAL_SPI_TransmitReceive_IT
 .text.HAL_SPI_IRQHandler
                0x0000000008007e80      0x200 Drivers/STM32F7xx_HAL_Driver/Src/stm32f7xx_hal_spi.o
                0x0000000008007e80                HAL_SPI_IRQHandler
 .text.HAL_SPI_ErrorCallback
                0x0000000008008080       0x14 Drivers/STM32F7xx_HAL_Driver/Src/stm32f7xx_hal_spi.o
                0x0000000008008080                HAL_SPI_ErrorCallback
 .text.SPI_DMAAbortOnError
                0x0000000008008094       0x2a Drivers/STM32F7xx_HAL_Driver/Src/stm32f7xx_hal_spi.o
 .text.SPI_2linesRxISR_8BIT
                0x00000000080080be       0xbe Drivers/STM32F7xx_HAL_Driver/Src/stm32f7xx_hal_spi.o
 .text.SPI_2linesTxISR_8BIT
                0x000000000800817c       0x92 Drivers/STM32F7xx_HAL_Driver/Src/stm32f7xx_hal_spi.o
 .text.SPI_2linesRxISR_16BIT
                0x000000000800820e       0x66 Drivers/STM32F7xx_HAL_Driver/Src/stm32f7xx_hal_spi.o
 .text.SPI_2linesTxISR_16BIT
                0x0000000008008274       0x60 Drivers/STM32F7xx_HAL_Driver/Src/stm32f7xx_hal_spi.o
 .text.SPI_RxISR_8BIT
                0x00000000080082d4       0x50 Drivers/STM32F7xx_HAL_Driver/Src/stm32f7xx_hal_spi.o
 .text.SPI_RxISR_16BIT
                0x0000000008008324       0x4c Drivers/STM32F7xx_HAL_Driver/Src/stm32f7xx_hal_spi.o
 .text.SPI_TxISR_8BIT
                0x0000000008008370       0x46 Drivers/STM32F7xx_HAL_Driver/Src/stm32f7xx_hal_spi.o
 .text.SPI_TxISR_16BIT
                0x00000000080083b6       0x44 Drivers/STM32F7xx_HAL_Driver/Src/stm32f7xx_hal_spi.o
 *fill*         0x00000000080083fa        0x2 
 .text.SPI_WaitFlagStateUntilTimeout
                0x00000000080083fc      0x110 Drivers/STM32F7xx_HAL_Driver/Src/stm32f7xx_hal_spi.o
 .text.SPI_WaitFifoStateUntilTimeout
                0x000000000800850c      0x124 Drivers/STM32F7xx_HAL_Driver/Src/stm32f7xx_hal_spi.o
 .text.SPI_EndRxTransaction
                0x0000000008008630       0xb0 Drivers/STM32F7xx_HAL_Driver/Src/stm32f7xx_hal_spi.o
 .text.SPI_EndRxTxTransaction
                0x00000000080086e0       0x8c Drivers/STM32F7xx_HAL_Driver/Src/stm32f7xx_hal_spi.o
 .text.SPI_CloseRxTx_ISR
                0x000000000800876c       0x84 Drivers/STM32F7xx_HAL_Driver/Src/stm32f7xx_hal_spi.o
 .text.SPI_CloseRx_ISR
                0x00000000080087f0       0x60 Drivers/STM32F7xx_HAL_Driver/Src/stm32f7xx_hal_spi.o
 .text.SPI_CloseTx_ISR
                0x0000000008008850       0x7e Drivers/STM32F7xx_HAL_Driver/Src/stm32f7xx_hal_spi.o
 *fill*         0x00000000080088ce        0x2 
 .text.USB_CoreInit
                0x00000000080088d0      0x12c Drivers/STM32F7xx_HAL_Driver/Src/stm32f7xx_ll_usb.o
                0x00000000080088d0                USB_CoreInit
 .text.USB_SetTurnaroundTime
                0x00000000080089fc      0x144 Drivers/STM32F7xx_HAL_Driver/Src/stm32f7xx_ll_usb.o
                0x00000000080089fc                USB_SetTurnaroundTime
 .text.USB_EnableGlobalInt
                0x0000000008008b40       0x22 Drivers/STM32F7xx_HAL_Driver/Src/stm32f7xx_ll_usb.o
                0x0000000008008b40                USB_EnableGlobalInt
 .text.USB_DisableGlobalInt
                0x0000000008008b62       0x22 Drivers/STM32F7xx_HAL_Driver/Src/stm32f7xx_ll_usb.o
                0x0000000008008b62                USB_DisableGlobalInt
 .text.USB_SetCurrentMode
                0x0000000008008b84       0x54 Drivers/STM32F7xx_HAL_Driver/Src/stm32f7xx_ll_usb.o
                0x0000000008008b84                USB_SetCurrentMode
 .text.USB_DevInit
                0x0000000008008bd8      0x2dc Drivers/STM32F7xx_HAL_Driver/Src/stm32f7xx_ll_usb.o
                0x0000000008008bd8                USB_DevInit
 .text.USB_FlushTxFifo
                0x0000000008008eb4       0x4c Drivers/STM32F7xx_HAL_Driver/Src/stm32f7xx_ll_usb.o
                0x0000000008008eb4                USB_FlushTxFifo
 .text.USB_FlushRxFifo
                0x0000000008008f00       0x44 Drivers/STM32F7xx_HAL_Driver/Src/stm32f7xx_ll_usb.o
                0x0000000008008f00                USB_FlushRxFifo
 .text.USB_SetDevSpeed
                0x0000000008008f44       0x32 Drivers/STM32F7xx_HAL_Driver/Src/stm32f7xx_ll_usb.o
                0x0000000008008f44                USB_SetDevSpeed
 .text.USB_GetDevSpeed
                0x0000000008008f76       0x4a Drivers/STM32F7xx_HAL_Driver/Src/stm32f7xx_ll_usb.o
                0x0000000008008f76                USB_GetDevSpeed
 .text.USB_ActivateEndpoint
                0x0000000008008fc0      0x110 Drivers/STM32F7xx_HAL_Driver/Src/stm32f7xx_ll_usb.o
                0x0000000008008fc0                USB_ActivateEndpoint
 .text.USB_DeactivateEndpoint
                0x00000000080090d0      0x1b8 Drivers/STM32F7xx_HAL_Driver/Src/stm32f7xx_ll_usb.o
                0x00000000080090d0                USB_DeactivateEndpoint
 .text.USB_EPStartXfer
                0x0000000008009288      0x498 Drivers/STM32F7xx_HAL_Driver/Src/stm32f7xx_ll_usb.o
                0x0000000008009288                USB_EPStartXfer
 .text.USB_EP0StartXfer
                0x0000000008009720      0x2b0 Drivers/STM32F7xx_HAL_Driver/Src/stm32f7xx_ll_usb.o
                0x0000000008009720                USB_EP0StartXfer
 .text.USB_WritePacket
                0x00000000080099d0       0x6a Drivers/STM32F7xx_HAL_Driver/Src/stm32f7xx_ll_usb.o
                0x00000000080099d0                USB_WritePacket
 .text.USB_ReadPacket
                0x0000000008009a3a       0x52 Drivers/STM32F7xx_HAL_Driver/Src/stm32f7xx_ll_usb.o
                0x0000000008009a3a                USB_ReadPacket
 .text.USB_EPSetStall
                0x0000000008009a8c       0xdc Drivers/STM32F7xx_HAL_Driver/Src/stm32f7xx_ll_usb.o
                0x0000000008009a8c                USB_EPSetStall
 .text.USB_EPClearStall
                0x0000000008009b68       0xcc Drivers/STM32F7xx_HAL_Driver/Src/stm32f7xx_ll_usb.o
                0x0000000008009b68                USB_EPClearStall
 .text.USB_SetDevAddress
                0x0000000008009c34       0x4c Drivers/STM32F7xx_HAL_Driver/Src/stm32f7xx_ll_usb.o
                0x0000000008009c34                USB_SetDevAddress
 .text.USB_DevConnect
                0x0000000008009c80       0x42 Drivers/STM32F7xx_HAL_Driver/Src/stm32f7xx_ll_usb.o
                0x0000000008009c80                USB_DevConnect
 .text.USB_DevDisconnect
                0x0000000008009cc2       0x42 Drivers/STM32F7xx_HAL_Driver/Src/stm32f7xx_ll_usb.o
                0x0000000008009cc2                USB_DevDisconnect
 .text.USB_ReadInterrupts
                0x0000000008009d04       0x26 Drivers/STM32F7xx_HAL_Driver/Src/stm32f7xx_ll_usb.o
                0x0000000008009d04                USB_ReadInterrupts
 .text.USB_ReadDevAllOutEpInterrupt
                0x0000000008009d2a       0x34 Drivers/STM32F7xx_HAL_Driver/Src/stm32f7xx_ll_usb.o
                0x0000000008009d2a                USB_ReadDevAllOutEpInterrupt
 .text.USB_ReadDevAllInEpInterrupt
                0x0000000008009d5e       0x34 Drivers/STM32F7xx_HAL_Driver/Src/stm32f7xx_ll_usb.o
                0x0000000008009d5e                USB_ReadDevAllInEpInterrupt
 .text.USB_ReadDevOutEPInterrupt
                0x0000000008009d92       0x3c Drivers/STM32F7xx_HAL_Driver/Src/stm32f7xx_ll_usb.o
                0x0000000008009d92                USB_ReadDevOutEPInterrupt
 .text.USB_ReadDevInEPInterrupt
                0x0000000008009dce       0x5c Drivers/STM32F7xx_HAL_Driver/Src/stm32f7xx_ll_usb.o
                0x0000000008009dce                USB_ReadDevInEPInterrupt
 .text.USB_GetMode
                0x0000000008009e2a       0x1c Drivers/STM32F7xx_HAL_Driver/Src/stm32f7xx_ll_usb.o
                0x0000000008009e2a                USB_GetMode
 *fill*         0x0000000008009e46        0x2 
 .text.USB_ActivateSetup
                0x0000000008009e48       0x48 Drivers/STM32F7xx_HAL_Driver/Src/stm32f7xx_ll_usb.o
                0x0000000008009e48                USB_ActivateSetup
 .text.USB_EP0_OutStart
                0x0000000008009e90       0xbc Drivers/STM32F7xx_HAL_Driver/Src/stm32f7xx_ll_usb.o
                0x0000000008009e90                USB_EP0_OutStart
 .text.USB_CoreReset
                0x0000000008009f4c       0x68 Drivers/STM32F7xx_HAL_Driver/Src/stm32f7xx_ll_usb.o
 .text.USB_HS_PHYCInit
                0x0000000008009fb4       0x70 Drivers/STM32F7xx_HAL_Driver/Src/stm32f7xx_ll_usb.o
 .text.USBD_CDC_Init
                0x000000000800a024       0xdc Middlewares/ST/STM32_USB_Device_Library/Class/CDC/Src/usbd_cdc.o
 .text.USBD_CDC_DeInit
                0x000000000800a100       0x60 Middlewares/ST/STM32_USB_Device_Library/Class/CDC/Src/usbd_cdc.o
 .text.USBD_CDC_Setup
                0x000000000800a160      0x338 Middlewares/ST/STM32_USB_Device_Library/Class/CDC/Src/usbd_cdc.o
 .text.USBD_CDC_DataIn
                0x000000000800a498       0xbe Middlewares/ST/STM32_USB_Device_Library/Class/CDC/Src/usbd_cdc.o
 .text.USBD_CDC_DataOut
                0x000000000800a556       0x56 Middlewares/ST/STM32_USB_Device_Library/Class/CDC/Src/usbd_cdc.o
 .text.USBD_CDC_EP0_RxReady
                0x000000000800a5ac       0x50 Middlewares/ST/STM32_USB_Device_Library/Class/CDC/Src/usbd_cdc.o
 .text.USBD_CDC_GetFSCfgDesc
                0x000000000800a5fc       0x20 Middlewares/ST/STM32_USB_Device_Library/Class/CDC/Src/usbd_cdc.o
 .text.USBD_CDC_GetHSCfgDesc
                0x000000000800a61c       0x20 Middlewares/ST/STM32_USB_Device_Library/Class/CDC/Src/usbd_cdc.o
 .text.USBD_CDC_GetOtherSpeedCfgDesc
                0x000000000800a63c       0x20 Middlewares/ST/STM32_USB_Device_Library/Class/CDC/Src/usbd_cdc.o
 .text.USBD_CDC_GetDeviceQualifierDescriptor
                0x000000000800a65c       0x20 Middlewares/ST/STM32_USB_Device_Library/Class/CDC/Src/usbd_cdc.o
                0x000000000800a65c                USBD_CDC_GetDeviceQualifierDescriptor
 .text.USBD_CDC_RegisterInterface
                0x000000000800a67c       0x2a Middlewares/ST/STM32_USB_Device_Library/Class/CDC/Src/usbd_cdc.o
                0x000000000800a67c                USBD_CDC_RegisterInterface
 .text.USBD_CDC_SetTxBuffer
                0x000000000800a6a6       0x32 Middlewares/ST/STM32_USB_Device_Library/Class/CDC/Src/usbd_cdc.o
                0x000000000800a6a6                USBD_CDC_SetTxBuffer
 .text.USBD_CDC_SetRxBuffer
                0x000000000800a6d8       0x28 Middlewares/ST/STM32_USB_Device_Library/Class/CDC/Src/usbd_cdc.o
                0x000000000800a6d8                USBD_CDC_SetRxBuffer
 .text.USBD_CDC_TransmitPacket
                0x000000000800a700       0x60 Middlewares/ST/STM32_USB_Device_Library/Class/CDC/Src/usbd_cdc.o
                0x000000000800a700                USBD_CDC_TransmitPacket
 .text.USBD_CDC_ReceivePacket
                0x000000000800a760       0x54 Middlewares/ST/STM32_USB_Device_Library/Class/CDC/Src/usbd_cdc.o
                0x000000000800a760                USBD_CDC_ReceivePacket
 .text.USBD_Init
                0x000000000800a7b4       0x6c Middlewares/ST/STM32_USB_Device_Library/Core/Src/usbd_core.o
                0x000000000800a7b4                USBD_Init
 .text.USBD_RegisterClass
                0x000000000800a820       0x42 Middlewares/ST/STM32_USB_Device_Library/Core/Src/usbd_core.o
                0x000000000800a820                USBD_RegisterClass
 .text.USBD_Start
                0x000000000800a862       0x18 Middlewares/ST/STM32_USB_Device_Library/Core/Src/usbd_core.o
                0x000000000800a862                USBD_Start
 .text.USBD_RunTestMode
                0x000000000800a87a       0x16 Middlewares/ST/STM32_USB_Device_Library/Core/Src/usbd_core.o
                0x000000000800a87a                USBD_RunTestMode
 .text.USBD_SetClassConfig
                0x000000000800a890       0x38 Middlewares/ST/STM32_USB_Device_Library/Core/Src/usbd_core.o
                0x000000000800a890                USBD_SetClassConfig
 .text.USBD_ClrClassConfig
                0x000000000800a8c8       0x30 Middlewares/ST/STM32_USB_Device_Library/Core/Src/usbd_core.o
                0x000000000800a8c8                USBD_ClrClassConfig
 .text.USBD_LL_SetupStage
                0x000000000800a8f8       0xaa Middlewares/ST/STM32_USB_Device_Library/Core/Src/usbd_core.o
                0x000000000800a8f8                USBD_LL_SetupStage
 .text.USBD_LL_DataOutStage
                0x000000000800a9a2       0xc6 Middlewares/ST/STM32_USB_Device_Library/Core/Src/usbd_core.o
                0x000000000800a9a2                USBD_LL_DataOutStage
 .text.USBD_LL_DataInStage
                0x000000000800aa68      0x12c Middlewares/ST/STM32_USB_Device_Library/Core/Src/usbd_core.o
                0x000000000800aa68                USBD_LL_DataInStage
 .text.USBD_LL_Reset
                0x000000000800ab94       0x82 Middlewares/ST/STM32_USB_Device_Library/Core/Src/usbd_core.o
                0x000000000800ab94                USBD_LL_Reset
 .text.USBD_LL_SetSpeed
                0x000000000800ac16       0x20 Middlewares/ST/STM32_USB_Device_Library/Core/Src/usbd_core.o
                0x000000000800ac16                USBD_LL_SetSpeed
 .text.USBD_LL_Suspend
                0x000000000800ac36       0x2a Middlewares/ST/STM32_USB_Device_Library/Core/Src/usbd_core.o
                0x000000000800ac36                USBD_LL_Suspend
 .text.USBD_LL_Resume
                0x000000000800ac60       0x2c Middlewares/ST/STM32_USB_Device_Library/Core/Src/usbd_core.o
                0x000000000800ac60                USBD_LL_Resume
 .text.USBD_LL_SOF
                0x000000000800ac8c       0x34 Middlewares/ST/STM32_USB_Device_Library/Core/Src/usbd_core.o
                0x000000000800ac8c                USBD_LL_SOF
 .text.USBD_LL_IsoINIncomplete
                0x000000000800acc0       0x1a Middlewares/ST/STM32_USB_Device_Library/Core/Src/usbd_core.o
                0x000000000800acc0                USBD_LL_IsoINIncomplete
 .text.USBD_LL_IsoOUTIncomplete
                0x000000000800acda       0x1a Middlewares/ST/STM32_USB_Device_Library/Core/Src/usbd_core.o
                0x000000000800acda                USBD_LL_IsoOUTIncomplete
 .text.USBD_LL_DevConnected
                0x000000000800acf4       0x16 Middlewares/ST/STM32_USB_Device_Library/Core/Src/usbd_core.o
                0x000000000800acf4                USBD_LL_DevConnected
 .text.USBD_LL_DevDisconnected
                0x000000000800ad0a       0x38 Middlewares/ST/STM32_USB_Device_Library/Core/Src/usbd_core.o
                0x000000000800ad0a                USBD_LL_DevDisconnected
 .text.SWAPBYTE
                0x000000000800ad42       0x3c Middlewares/ST/STM32_USB_Device_Library/Core/Src/usbd_ctlreq.o
 *fill*         0x000000000800ad7e        0x2 
 .text.USBD_StdDevReq
                0x000000000800ad80       0xdc Middlewares/ST/STM32_USB_Device_Library/Core/Src/usbd_ctlreq.o
                0x000000000800ad80                USBD_StdDevReq
 .text.USBD_StdItfReq
                0x000000000800ae5c       0x90 Middlewares/ST/STM32_USB_Device_Library/Core/Src/usbd_ctlreq.o
                0x000000000800ae5c                USBD_StdItfReq
 .text.USBD_StdEPReq
                0x000000000800aeec      0x2ba Middlewares/ST/STM32_USB_Device_Library/Core/Src/usbd_ctlreq.o
                0x000000000800aeec                USBD_StdEPReq
 *fill*         0x000000000800b1a6        0x2 
 .text.USBD_GetDescriptor
                0x000000000800b1a8      0x2d4 Middlewares/ST/STM32_USB_Device_Library/Core/Src/usbd_ctlreq.o
 .text.USBD_SetAddress
                0x000000000800b47c       0x86 Middlewares/ST/STM32_USB_Device_Library/Core/Src/usbd_ctlreq.o
 *fill*         0x000000000800b502        0x2 
 .text.USBD_SetConfig
                0x000000000800b504      0x148 Middlewares/ST/STM32_USB_Device_Library/Core/Src/usbd_ctlreq.o
 .text.USBD_GetConfig
                0x000000000800b64c       0x6a Middlewares/ST/STM32_USB_Device_Library/Core/Src/usbd_ctlreq.o
 .text.USBD_GetStatus
                0x000000000800b6b6       0x66 Middlewares/ST/STM32_USB_Device_Library/Core/Src/usbd_ctlreq.o
 .text.USBD_SetFeature
                0x000000000800b71c       0x28 Middlewares/ST/STM32_USB_Device_Library/Core/Src/usbd_ctlreq.o
 .text.USBD_ClrFeature
                0x000000000800b744       0x42 Middlewares/ST/STM32_USB_Device_Library/Core/Src/usbd_ctlreq.o
 .text.USBD_ParseSetupRequest
                0x000000000800b786       0x74 Middlewares/ST/STM32_USB_Device_Library/Core/Src/usbd_ctlreq.o
                0x000000000800b786                USBD_ParseSetupRequest
 .text.USBD_CtlError
                0x000000000800b7fa       0x22 Middlewares/ST/STM32_USB_Device_Library/Core/Src/usbd_ctlreq.o
                0x000000000800b7fa                USBD_CtlError
 .text.USBD_GetString
                0x000000000800b81c       0x8c Middlewares/ST/STM32_USB_Device_Library/Core/Src/usbd_ctlreq.o
                0x000000000800b81c                USBD_GetString
 .text.USBD_GetLen
                0x000000000800b8a8       0x34 Middlewares/ST/STM32_USB_Device_Library/Core/Src/usbd_ctlreq.o
 .text.USBD_CtlSendData
                0x000000000800b8dc       0x36 Middlewares/ST/STM32_USB_Device_Library/Core/Src/usbd_ioreq.o
                0x000000000800b8dc                USBD_CtlSendData
 .text.USBD_CtlContinueSendData
                0x000000000800b912       0x22 Middlewares/ST/STM32_USB_Device_Library/Core/Src/usbd_ioreq.o
                0x000000000800b912                USBD_CtlContinueSendData
 .text.USBD_CtlPrepareRx
                0x000000000800b934       0x3a Middlewares/ST/STM32_USB_Device_Library/Core/Src/usbd_ioreq.o
                0x000000000800b934                USBD_CtlPrepareRx
 .text.USBD_CtlContinueRx
                0x000000000800b96e       0x22 Middlewares/ST/STM32_USB_Device_Library/Core/Src/usbd_ioreq.o
                0x000000000800b96e                USBD_CtlContinueRx
 .text.USBD_CtlSendStatus
                0x000000000800b990       0x26 Middlewares/ST/STM32_USB_Device_Library/Core/Src/usbd_ioreq.o
                0x000000000800b990                USBD_CtlSendStatus
 .text.USBD_CtlReceiveStatus
                0x000000000800b9b6       0x26 Middlewares/ST/STM32_USB_Device_Library/Core/Src/usbd_ioreq.o
                0x000000000800b9b6                USBD_CtlReceiveStatus
 .text.MX_USB_DEVICE_Init
                0x000000000800b9dc       0x60 USB_DEVICE/App/usb_device.o
                0x000000000800b9dc                MX_USB_DEVICE_Init
 .text.CDC_Init_HS
                0x000000000800ba3c       0x28 USB_DEVICE/App/usbd_cdc_if.o
 .text.CDC_DeInit_HS
                0x000000000800ba64       0x10 USB_DEVICE/App/usbd_cdc_if.o
 .text.CDC_Control_HS
                0x000000000800ba74       0xbc USB_DEVICE/App/usbd_cdc_if.o
 .text.CDC_Receive_HS
                0x000000000800bb30       0x28 USB_DEVICE/App/usbd_cdc_if.o
 .text.CDC_Transmit_HS
                0x000000000800bb58       0x4c USB_DEVICE/App/usbd_cdc_if.o
                0x000000000800bb58                CDC_Transmit_HS
 .text.CDC_TransmitCplt_HS
                0x000000000800bba4       0x22 USB_DEVICE/App/usbd_cdc_if.o
 *fill*         0x000000000800bbc6        0x2 
 .text.USBD_HS_DeviceDescriptor
                0x000000000800bbc8       0x24 USB_DEVICE/App/usbd_desc.o
                0x000000000800bbc8                USBD_HS_DeviceDescriptor
 .text.USBD_HS_LangIDStrDescriptor
                0x000000000800bbec       0x24 USB_DEVICE/App/usbd_desc.o
                0x000000000800bbec                USBD_HS_LangIDStrDescriptor
 .text.USBD_HS_ProductStrDescriptor
                0x000000000800bc10       0x3c USB_DEVICE/App/usbd_desc.o
                0x000000000800bc10                USBD_HS_ProductStrDescriptor
 .text.USBD_HS_ManufacturerStrDescriptor
                0x000000000800bc4c       0x28 USB_DEVICE/App/usbd_desc.o
                0x000000000800bc4c                USBD_HS_ManufacturerStrDescriptor
 .text.USBD_HS_SerialStrDescriptor
                0x000000000800bc74       0x24 USB_DEVICE/App/usbd_desc.o
                0x000000000800bc74                USBD_HS_SerialStrDescriptor
 .text.USBD_HS_ConfigStrDescriptor
                0x000000000800bc98       0x3c USB_DEVICE/App/usbd_desc.o
                0x000000000800bc98                USBD_HS_ConfigStrDescriptor
 .text.USBD_HS_InterfaceStrDescriptor
                0x000000000800bcd4       0x3c USB_DEVICE/App/usbd_desc.o
                0x000000000800bcd4                USBD_HS_InterfaceStrDescriptor
 .text.Get_SerialNum
                0x000000000800bd10       0x58 USB_DEVICE/App/usbd_desc.o
 .text.IntToUnicode
                0x000000000800bd68       0x7e USB_DEVICE/App/usbd_desc.o
 *fill*         0x000000000800bde6        0x2 
 .text.HAL_PCD_MspInit
                0x000000000800bde8       0xe8 USB_DEVICE/Target/usbd_conf.o
                0x000000000800bde8                HAL_PCD_MspInit
 .text.HAL_PCD_SetupStageCallback
                0x000000000800bed0       0x24 USB_DEVICE/Target/usbd_conf.o
                0x000000000800bed0                HAL_PCD_SetupStageCallback
 .text.HAL_PCD_DataOutStageCallback
                0x000000000800bef4       0x36 USB_DEVICE/Target/usbd_conf.o
                0x000000000800bef4                HAL_PCD_DataOutStageCallback
 .text.HAL_PCD_DataInStageCallback
                0x000000000800bf2a       0x3c USB_DEVICE/Target/usbd_conf.o
                0x000000000800bf2a                HAL_PCD_DataInStageCallback
 .text.HAL_PCD_SOFCallback
                0x000000000800bf66       0x1c USB_DEVICE/Target/usbd_conf.o
                0x000000000800bf66                HAL_PCD_SOFCallback
 .text.HAL_PCD_ResetCallback
                0x000000000800bf82       0x50 USB_DEVICE/Target/usbd_conf.o
                0x000000000800bf82                HAL_PCD_ResetCallback
 *fill*         0x000000000800bfd2        0x2 
 .text.HAL_PCD_SuspendCallback
                0x000000000800bfd4       0x4c USB_DEVICE/Target/usbd_conf.o
                0x000000000800bfd4                HAL_PCD_SuspendCallback
 .text.HAL_PCD_ResumeCallback
                0x000000000800c020       0x1c USB_DEVICE/Target/usbd_conf.o
                0x000000000800c020                HAL_PCD_ResumeCallback
 .text.HAL_PCD_ISOOUTIncompleteCallback
                0x000000000800c03c       0x24 USB_DEVICE/Target/usbd_conf.o
                0x000000000800c03c                HAL_PCD_ISOOUTIncompleteCallback
 .text.HAL_PCD_ISOINIncompleteCallback
                0x000000000800c060       0x24 USB_DEVICE/Target/usbd_conf.o
                0x000000000800c060                HAL_PCD_ISOINIncompleteCallback
 .text.HAL_PCD_ConnectCallback
                0x000000000800c084       0x1c USB_DEVICE/Target/usbd_conf.o
                0x000000000800c084                HAL_PCD_ConnectCallback
 .text.HAL_PCD_DisconnectCallback
                0x000000000800c0a0       0x1c USB_DEVICE/Target/usbd_conf.o
                0x000000000800c0a0                HAL_PCD_DisconnectCallback
 .text.USBD_LL_Init
                0x000000000800c0bc       0xa0 USB_DEVICE/Target/usbd_conf.o
                0x000000000800c0bc                USBD_LL_Init
 .text.USBD_LL_Start
                0x000000000800c15c       0x36 USB_DEVICE/Target/usbd_conf.o
                0x000000000800c15c                USBD_LL_Start
 .text.USBD_LL_OpenEP
                0x000000000800c192       0x4c USB_DEVICE/Target/usbd_conf.o
                0x000000000800c192                USBD_LL_OpenEP
 .text.USBD_LL_CloseEP
                0x000000000800c1de       0x3e USB_DEVICE/Target/usbd_conf.o
                0x000000000800c1de                USBD_LL_CloseEP
 .text.USBD_LL_StallEP
                0x000000000800c21c       0x3e USB_DEVICE/Target/usbd_conf.o
                0x000000000800c21c                USBD_LL_StallEP
 .text.USBD_LL_ClearStallEP
                0x000000000800c25a       0x3e USB_DEVICE/Target/usbd_conf.o
                0x000000000800c25a                USBD_LL_ClearStallEP
 .text.USBD_LL_IsStallEP
                0x000000000800c298       0x58 USB_DEVICE/Target/usbd_conf.o
                0x000000000800c298                USBD_LL_IsStallEP
 .text.USBD_LL_SetUSBAddress
                0x000000000800c2f0       0x3e USB_DEVICE/Target/usbd_conf.o
                0x000000000800c2f0                USBD_LL_SetUSBAddress
 .text.USBD_LL_Transmit
                0x000000000800c32e       0x42 USB_DEVICE/Target/usbd_conf.o
                0x000000000800c32e                USBD_LL_Transmit
 .text.USBD_LL_PrepareReceive
                0x000000000800c370       0x42 USB_DEVICE/Target/usbd_conf.o
                0x000000000800c370                USBD_LL_PrepareReceive
 .text.USBD_LL_GetRxDataSize
                0x000000000800c3b2       0x26 USB_DEVICE/Target/usbd_conf.o
                0x000000000800c3b2                USBD_LL_GetRxDataSize
 .text.USBD_Get_USB_Status
                0x000000000800c3d8       0x58 USB_DEVICE/Target/usbd_conf.o
                0x000000000800c3d8                USBD_Get_USB_Status
 .text.__errno  0x000000000800c430        0xc c:/st/stm32cubeide_1.6.0/stm32cubeide/plugins/com.st.stm32cube.ide.mcu.externaltools.gnu-tools-for-stm32.9-2020-q2-update.win32_1.5.0.202011040924/tools/bin/../lib/gcc/arm-none-eabi/9.3.1/../../../../arm-none-eabi/lib/thumb/v7e-m+fp/hard\libc_nano.a(lib_a-errno.o)
                0x000000000800c430                __errno
 .text.__libc_init_array
                0x000000000800c43c       0x48 c:/st/stm32cubeide_1.6.0/stm32cubeide/plugins/com.st.stm32cube.ide.mcu.externaltools.gnu-tools-for-stm32.9-2020-q2-update.win32_1.5.0.202011040924/tools/bin/../lib/gcc/arm-none-eabi/9.3.1/../../../../arm-none-eabi/lib/thumb/v7e-m+fp/hard\libc_nano.a(lib_a-init.o)
                0x000000000800c43c                __libc_init_array
 .text.malloc   0x000000000800c484       0x10 c:/st/stm32cubeide_1.6.0/stm32cubeide/plugins/com.st.stm32cube.ide.mcu.externaltools.gnu-tools-for-stm32.9-2020-q2-update.win32_1.5.0.202011040924/tools/bin/../lib/gcc/arm-none-eabi/9.3.1/../../../../arm-none-eabi/lib/thumb/v7e-m+fp/hard\libc_nano.a(lib_a-malloc.o)
                0x000000000800c484                malloc
 .text.free     0x000000000800c494       0x10 c:/st/stm32cubeide_1.6.0/stm32cubeide/plugins/com.st.stm32cube.ide.mcu.externaltools.gnu-tools-for-stm32.9-2020-q2-update.win32_1.5.0.202011040924/tools/bin/../lib/gcc/arm-none-eabi/9.3.1/../../../../arm-none-eabi/lib/thumb/v7e-m+fp/hard\libc_nano.a(lib_a-malloc.o)
                0x000000000800c494                free
 .text.memset   0x000000000800c4a4       0x10 c:/st/stm32cubeide_1.6.0/stm32cubeide/plugins/com.st.stm32cube.ide.mcu.externaltools.gnu-tools-for-stm32.9-2020-q2-update.win32_1.5.0.202011040924/tools/bin/../lib/gcc/arm-none-eabi/9.3.1/../../../../arm-none-eabi/lib/thumb/v7e-m+fp/hard\libc_nano.a(lib_a-memset.o)
                0x000000000800c4a4                memset
 .text._free_r  0x000000000800c4b4       0xa0 c:/st/stm32cubeide_1.6.0/stm32cubeide/plugins/com.st.stm32cube.ide.mcu.externaltools.gnu-tools-for-stm32.9-2020-q2-update.win32_1.5.0.202011040924/tools/bin/../lib/gcc/arm-none-eabi/9.3.1/../../../../arm-none-eabi/lib/thumb/v7e-m+fp/hard\libc_nano.a(lib_a-nano-freer.o)
                0x000000000800c4b4                _free_r
 .text._malloc_r
                0x000000000800c554       0xb4 c:/st/stm32cubeide_1.6.0/stm32cubeide/plugins/com.st.stm32cube.ide.mcu.externaltools.gnu-tools-for-stm32.9-2020-q2-update.win32_1.5.0.202011040924/tools/bin/../lib/gcc/arm-none-eabi/9.3.1/../../../../arm-none-eabi/lib/thumb/v7e-m+fp/hard\libc_nano.a(lib_a-nano-mallocr.o)
                0x000000000800c554                _malloc_r
 .text._sbrk_r  0x000000000800c608       0x20 c:/st/stm32cubeide_1.6.0/stm32cubeide/plugins/com.st.stm32cube.ide.mcu.externaltools.gnu-tools-for-stm32.9-2020-q2-update.win32_1.5.0.202011040924/tools/bin/../lib/gcc/arm-none-eabi/9.3.1/../../../../arm-none-eabi/lib/thumb/v7e-m+fp/hard\libc_nano.a(lib_a-sbrkr.o)
                0x000000000800c608                _sbrk_r
 .text.__malloc_lock
                0x000000000800c628        0xc c:/st/stm32cubeide_1.6.0/stm32cubeide/plugins/com.st.stm32cube.ide.mcu.externaltools.gnu-tools-for-stm32.9-2020-q2-update.win32_1.5.0.202011040924/tools/bin/../lib/gcc/arm-none-eabi/9.3.1/../../../../arm-none-eabi/lib/thumb/v7e-m+fp/hard\libc_nano.a(lib_a-mlock.o)
                0x000000000800c628                __malloc_lock
 .text.__malloc_unlock
                0x000000000800c634        0xc c:/st/stm32cubeide_1.6.0/stm32cubeide/plugins/com.st.stm32cube.ide.mcu.externaltools.gnu-tools-for-stm32.9-2020-q2-update.win32_1.5.0.202011040924/tools/bin/../lib/gcc/arm-none-eabi/9.3.1/../../../../arm-none-eabi/lib/thumb/v7e-m+fp/hard\libc_nano.a(lib_a-mlock.o)
                0x000000000800c634                __malloc_unlock
 .text.__retarget_lock_acquire_recursive
                0x000000000800c640        0x2 c:/st/stm32cubeide_1.6.0/stm32cubeide/plugins/com.st.stm32cube.ide.mcu.externaltools.gnu-tools-for-stm32.9-2020-q2-update.win32_1.5.0.202011040924/tools/bin/../lib/gcc/arm-none-eabi/9.3.1/../../../../arm-none-eabi/lib/thumb/v7e-m+fp/hard\libc_nano.a(lib_a-lock.o)
                0x000000000800c640                __retarget_lock_acquire_recursive
 .text.__retarget_lock_release_recursive
                0x000000000800c642        0x2 c:/st/stm32cubeide_1.6.0/stm32cubeide/plugins/com.st.stm32cube.ide.mcu.externaltools.gnu-tools-for-stm32.9-2020-q2-update.win32_1.5.0.202011040924/tools/bin/../lib/gcc/arm-none-eabi/9.3.1/../../../../arm-none-eabi/lib/thumb/v7e-m+fp/hard\libc_nano.a(lib_a-lock.o)
                0x000000000800c642                __retarget_lock_release_recursive
 *(.glue_7)
 .glue_7        0x000000000800c644        0x0 linker stubs
 *(.glue_7t)
 .glue_7t       0x000000000800c644        0x0 linker stubs
 *(.eh_frame)
 .eh_frame      0x000000000800c644        0x0 c:/st/stm32cubeide_1.6.0/stm32cubeide/plugins/com.st.stm32cube.ide.mcu.externaltools.gnu-tools-for-stm32.9-2020-q2-update.win32_1.5.0.202011040924/tools/bin/../lib/gcc/arm-none-eabi/9.3.1/thumb/v7e-m+fp/hard/crtbegin.o
 *(.init)
 .init          0x000000000800c644        0x4 c:/st/stm32cubeide_1.6.0/stm32cubeide/plugins/com.st.stm32cube.ide.mcu.externaltools.gnu-tools-for-stm32.9-2020-q2-update.win32_1.5.0.202011040924/tools/bin/../lib/gcc/arm-none-eabi/9.3.1/thumb/v7e-m+fp/hard/crti.o
                0x000000000800c644                _init
 .init          0x000000000800c648        0x8 c:/st/stm32cubeide_1.6.0/stm32cubeide/plugins/com.st.stm32cube.ide.mcu.externaltools.gnu-tools-for-stm32.9-2020-q2-update.win32_1.5.0.202011040924/tools/bin/../lib/gcc/arm-none-eabi/9.3.1/thumb/v7e-m+fp/hard/crtn.o
 *(.fini)
 .fini          0x000000000800c650        0x4 c:/st/stm32cubeide_1.6.0/stm32cubeide/plugins/com.st.stm32cube.ide.mcu.externaltools.gnu-tools-for-stm32.9-2020-q2-update.win32_1.5.0.202011040924/tools/bin/../lib/gcc/arm-none-eabi/9.3.1/thumb/v7e-m+fp/hard/crti.o
                0x000000000800c650                _fini
 .fini          0x000000000800c654        0x8 c:/st/stm32cubeide_1.6.0/stm32cubeide/plugins/com.st.stm32cube.ide.mcu.externaltools.gnu-tools-for-stm32.9-2020-q2-update.win32_1.5.0.202011040924/tools/bin/../lib/gcc/arm-none-eabi/9.3.1/thumb/v7e-m+fp/hard/crtn.o
                0x000000000800c65c                . = ALIGN (0x4)
                0x000000000800c65c                _etext = .

.vfp11_veneer   0x000000000800c65c        0x0
 .vfp11_veneer  0x000000000800c65c        0x0 linker stubs

.v4_bx          0x000000000800c65c        0x0
 .v4_bx         0x000000000800c65c        0x0 linker stubs

.iplt           0x000000000800c65c        0x0
 .iplt          0x000000000800c65c        0x0 c:/st/stm32cubeide_1.6.0/stm32cubeide/plugins/com.st.stm32cube.ide.mcu.externaltools.gnu-tools-for-stm32.9-2020-q2-update.win32_1.5.0.202011040924/tools/bin/../lib/gcc/arm-none-eabi/9.3.1/thumb/v7e-m+fp/hard/crtbegin.o

.rodata         0x000000000800c65c      0x118
                0x000000000800c65c                . = ALIGN (0x4)
 *(.rodata)
 .rodata        0x000000000800c65c       0x46 USB_DEVICE/App/usbd_desc.o
 *(.rodata*)
 *fill*         0x000000000800c6a2        0x2 
 .rodata.max2837_regs_default
                0x000000000800c6a4       0x40 Core/Src/Drivers/max2837.o
 .rodata.max2837_regs_address
                0x000000000800c6e4       0x20 Core/Src/Drivers/max2837.o
 .rodata.rffc5072_regs_default
                0x000000000800c704       0x3e Core/Src/Drivers/rffc5072.o
 *fill*         0x000000000800c742        0x2 
 .rodata.rffc5072_regs_address
                0x000000000800c744       0x1f Core/Src/Drivers/rffc5072.o
 *fill*         0x000000000800c763        0x1 
 .rodata.AHBPrescTable
                0x000000000800c764       0x10 Core/Src/system_stm32f7xx.o
                0x000000000800c764                AHBPrescTable
                0x000000000800c774                . = ALIGN (0x4)

.ARM.extab      0x000000000800c774        0x0
                0x000000000800c774                . = ALIGN (0x4)
 *(.ARM.extab* .gnu.linkonce.armextab.*)
                0x000000000800c774                . = ALIGN (0x4)

.ARM            0x000000000800c774        0x8
                0x000000000800c774                . = ALIGN (0x4)
                0x000000000800c774                __exidx_start = .
 *(.ARM.exidx*)
 .ARM.exidx     0x000000000800c774        0x8 c:/st/stm32cubeide_1.6.0/stm32cubeide/plugins/com.st.stm32cube.ide.mcu.externaltools.gnu-tools-for-stm32.9-2020-q2-update.win32_1.5.0.202011040924/tools/bin/../lib/gcc/arm-none-eabi/9.3.1/thumb/v7e-m+fp/hard\libgcc.a(_udivmoddi4.o)
                0x000000000800c77c                __exidx_end = .
                0x000000000800c77c                . = ALIGN (0x4)

.rel.dyn        0x000000000800c77c        0x0
 .rel.iplt      0x000000000800c77c        0x0 c:/st/stm32cubeide_1.6.0/stm32cubeide/plugins/com.st.stm32cube.ide.mcu.externaltools.gnu-tools-for-stm32.9-2020-q2-update.win32_1.5.0.202011040924/tools/bin/../lib/gcc/arm-none-eabi/9.3.1/thumb/v7e-m+fp/hard/crtbegin.o

.preinit_array  0x000000000800c77c        0x0
                0x000000000800c77c                . = ALIGN (0x4)
                0x000000000800c77c                PROVIDE (__preinit_array_start = .)
 *(.preinit_array*)
                0x000000000800c77c                PROVIDE (__preinit_array_end = .)
                0x000000000800c77c                . = ALIGN (0x4)

.init_array     0x000000000800c77c        0x4
                0x000000000800c77c                . = ALIGN (0x4)
                0x000000000800c77c                PROVIDE (__init_array_start = .)
 *(SORT_BY_NAME(.init_array.*))
 *(.init_array*)
 .init_array    0x000000000800c77c        0x4 c:/st/stm32cubeide_1.6.0/stm32cubeide/plugins/com.st.stm32cube.ide.mcu.externaltools.gnu-tools-for-stm32.9-2020-q2-update.win32_1.5.0.202011040924/tools/bin/../lib/gcc/arm-none-eabi/9.3.1/thumb/v7e-m+fp/hard/crtbegin.o
                0x000000000800c780                PROVIDE (__init_array_end = .)
                0x000000000800c780                . = ALIGN (0x4)

.fini_array     0x000000000800c780        0x4
                0x000000000800c780                . = ALIGN (0x4)
                [!provide]                        PROVIDE (__fini_array_start = .)
 *(SORT_BY_NAME(.fini_array.*))
 *(.fini_array*)
 .fini_array    0x000000000800c780        0x4 c:/st/stm32cubeide_1.6.0/stm32cubeide/plugins/com.st.stm32cube.ide.mcu.externaltools.gnu-tools-for-stm32.9-2020-q2-update.win32_1.5.0.202011040924/tools/bin/../lib/gcc/arm-none-eabi/9.3.1/thumb/v7e-m+fp/hard/crtbegin.o
                [!provide]                        PROVIDE (__fini_array_end = .)
                0x000000000800c784                . = ALIGN (0x4)
                0x000000000800c784                _sidata = LOADADDR (.data)

.data           0x0000000020000000      0x184 load address 0x000000000800c784
                0x0000000020000000                . = ALIGN (0x4)
                0x0000000020000000                _sdata = .
 *(.data)
 *(.data*)
 .data.first_read.8744
                0x0000000020000000        0x1 Core/Src/Drivers/utils.o
 *fill*         0x0000000020000001        0x3 
 .data.pow2.8748
                0x0000000020000004        0x8 Core/Src/Drivers/utils.o
 .data.SystemCoreClock
                0x000000002000000c        0x4 Core/Src/system_stm32f7xx.o
                0x000000002000000c                SystemCoreClock
 .data.uwTickPrio
                0x0000000020000010        0x4 Drivers/STM32F7xx_HAL_Driver/Src/stm32f7xx_hal.o
                0x0000000020000010                uwTickPrio
 .data.uwTickFreq
                0x0000000020000014        0x1 Drivers/STM32F7xx_HAL_Driver/Src/stm32f7xx_hal.o
                0x0000000020000014                uwTickFreq
 *fill*         0x0000000020000015        0x3 
 .data.USBD_CDC_DeviceQualifierDesc
                0x0000000020000018        0xa Middlewares/ST/STM32_USB_Device_Library/Class/CDC/Src/usbd_cdc.o
 *fill*         0x0000000020000022        0x2 
 .data.USBD_CDC
                0x0000000020000024       0x38 Middlewares/ST/STM32_USB_Device_Library/Class/CDC/Src/usbd_cdc.o
                0x0000000020000024                USBD_CDC
 .data.USBD_CDC_CfgHSDesc
                0x000000002000005c       0x20 Middlewares/ST/STM32_USB_Device_Library/Class/CDC/Src/usbd_cdc.o
 .data.USBD_CDC_CfgFSDesc
                0x000000002000007c       0x20 Middlewares/ST/STM32_USB_Device_Library/Class/CDC/Src/usbd_cdc.o
 .data.USBD_CDC_OtherSpeedCfgDesc
                0x000000002000009c       0x20 Middlewares/ST/STM32_USB_Device_Library/Class/CDC/Src/usbd_cdc.o
 .data.USBD_Interface_fops_HS
                0x00000000200000bc       0x14 USB_DEVICE/App/usbd_cdc_if.o
                0x00000000200000bc                USBD_Interface_fops_HS
 .data.HS_Desc  0x00000000200000d0       0x1c USB_DEVICE/App/usbd_desc.o
                0x00000000200000d0                HS_Desc
 .data.USBD_HS_DeviceDesc
                0x00000000200000ec       0x12 USB_DEVICE/App/usbd_desc.o
                0x00000000200000ec                USBD_HS_DeviceDesc
 *fill*         0x00000000200000fe        0x2 
 .data.USBD_LangIDDesc
                0x0000000020000100        0x4 USB_DEVICE/App/usbd_desc.o
                0x0000000020000100                USBD_LangIDDesc
 .data.USBD_StringSerial
                0x0000000020000104       0x1a USB_DEVICE/App/usbd_desc.o
                0x0000000020000104                USBD_StringSerial
 *fill*         0x000000002000011e        0x2 
 .data._impure_ptr
                0x0000000020000120        0x4 c:/st/stm32cubeide_1.6.0/stm32cubeide/plugins/com.st.stm32cube.ide.mcu.externaltools.gnu-tools-for-stm32.9-2020-q2-update.win32_1.5.0.202011040924/tools/bin/../lib/gcc/arm-none-eabi/9.3.1/../../../../arm-none-eabi/lib/thumb/v7e-m+fp/hard\libc_nano.a(lib_a-impure.o)
                0x0000000020000120                _impure_ptr
 .data.impure_data
                0x0000000020000124       0x60 c:/st/stm32cubeide_1.6.0/stm32cubeide/plugins/com.st.stm32cube.ide.mcu.externaltools.gnu-tools-for-stm32.9-2020-q2-update.win32_1.5.0.202011040924/tools/bin/../lib/gcc/arm-none-eabi/9.3.1/../../../../arm-none-eabi/lib/thumb/v7e-m+fp/hard\libc_nano.a(lib_a-impure.o)
 *(.RamFunc)
 *(.RamFunc*)
                0x0000000020000184                . = ALIGN (0x4)
                0x0000000020000184                _edata = .

.igot.plt       0x0000000020000184        0x0 load address 0x000000000800c908
 .igot.plt      0x0000000020000184        0x0 c:/st/stm32cubeide_1.6.0/stm32cubeide/plugins/com.st.stm32cube.ide.mcu.externaltools.gnu-tools-for-stm32.9-2020-q2-update.win32_1.5.0.202011040924/tools/bin/../lib/gcc/arm-none-eabi/9.3.1/thumb/v7e-m+fp/hard/crtbegin.o
                0x0000000020000184                . = ALIGN (0x4)

.bss            0x0000000020000184     0x1b58 load address 0x000000000800c908
                0x0000000020000184                _sbss = .
                0x0000000020000184                __bss_start__ = _sbss
 *(.bss)
 .bss           0x0000000020000184       0x1c c:/st/stm32cubeide_1.6.0/stm32cubeide/plugins/com.st.stm32cube.ide.mcu.externaltools.gnu-tools-for-stm32.9-2020-q2-update.win32_1.5.0.202011040924/tools/bin/../lib/gcc/arm-none-eabi/9.3.1/thumb/v7e-m+fp/hard/crtbegin.o
 *(.bss*)
 .bss.__sbrk_heap_end
                0x00000000200001a0        0x4 Core/Src/sysmem.o
 .bss.cfgidx.10744
                0x00000000200001a4        0x1 Middlewares/ST/STM32_USB_Device_Library/Core/Src/usbd_ctlreq.o
 *fill*         0x00000000200001a5        0x3 
 .bss.__malloc_free_list
                0x00000000200001a8        0x4 c:/st/stm32cubeide_1.6.0/stm32cubeide/plugins/com.st.stm32cube.ide.mcu.externaltools.gnu-tools-for-stm32.9-2020-q2-update.win32_1.5.0.202011040924/tools/bin/../lib/gcc/arm-none-eabi/9.3.1/../../../../arm-none-eabi/lib/thumb/v7e-m+fp/hard\libc_nano.a(lib_a-nano-mallocr.o)
                0x00000000200001a8                __malloc_free_list
 .bss.__malloc_sbrk_start
                0x00000000200001ac        0x4 c:/st/stm32cubeide_1.6.0/stm32cubeide/plugins/com.st.stm32cube.ide.mcu.externaltools.gnu-tools-for-stm32.9-2020-q2-update.win32_1.5.0.202011040924/tools/bin/../lib/gcc/arm-none-eabi/9.3.1/../../../../arm-none-eabi/lib/thumb/v7e-m+fp/hard\libc_nano.a(lib_a-nano-mallocr.o)
                0x00000000200001ac                __malloc_sbrk_start
 *(COMMON)
 COMMON         0x00000000200001b0      0x244 Core/Src/main.o
                0x00000000200001b0                mixer
                0x0000000020000208                hi2c1
                0x0000000020000254                max2837_temperature
                0x0000000020000258                hadc1
                0x00000000200002a0                max2837_rssi
                0x00000000200002a4                hspi4
                0x0000000020000308                transceiver
                0x0000000020000368                clockg
                0x0000000020000390                hspi1
 COMMON         0x00000000200003f4        0x4 Drivers/STM32F7xx_HAL_Driver/Src/stm32f7xx_hal.o
                0x00000000200003f4                uwTick
 COMMON         0x00000000200003f8      0x2d0 USB_DEVICE/App/usb_device.o
                0x00000000200003f8                hUsbDeviceHS
 COMMON         0x00000000200006c8     0x1000 USB_DEVICE/App/usbd_cdc_if.o
                0x00000000200006c8                UserRxBufferHS
                0x0000000020000ec8                UserTxBufferHS
 COMMON         0x00000000200016c8      0x200 USB_DEVICE/App/usbd_desc.o
                0x00000000200016c8                USBD_StrDesc
 COMMON         0x00000000200018c8      0x404 USB_DEVICE/Target/usbd_conf.o
                0x00000000200018c8                hpcd_USB_OTG_HS
 COMMON         0x0000000020001ccc        0x4 c:/st/stm32cubeide_1.6.0/stm32cubeide/plugins/com.st.stm32cube.ide.mcu.externaltools.gnu-tools-for-stm32.9-2020-q2-update.win32_1.5.0.202011040924/tools/bin/../lib/gcc/arm-none-eabi/9.3.1/../../../../arm-none-eabi/lib/thumb/v7e-m+fp/hard\libc_nano.a(lib_a-reent.o)
                0x0000000020001ccc                errno
 COMMON         0x0000000020001cd0        0x9 c:/st/stm32cubeide_1.6.0/stm32cubeide/plugins/com.st.stm32cube.ide.mcu.externaltools.gnu-tools-for-stm32.9-2020-q2-update.win32_1.5.0.202011040924/tools/bin/../lib/gcc/arm-none-eabi/9.3.1/../../../../arm-none-eabi/lib/thumb/v7e-m+fp/hard\libc_nano.a(lib_a-lock.o)
                0x0000000020001cd0                __lock___atexit_recursive_mutex
                0x0000000020001cd1                __lock___arc4random_mutex
                0x0000000020001cd2                __lock___env_recursive_mutex
                0x0000000020001cd3                __lock___sinit_recursive_mutex
                0x0000000020001cd4                __lock___malloc_recursive_mutex
                0x0000000020001cd5                __lock___at_quick_exit_mutex
                0x0000000020001cd6                __lock___dd_hash_mutex
                0x0000000020001cd7                __lock___tz_mutex
                0x0000000020001cd8                __lock___sfp_recursive_mutex
                0x0000000020001cdc                . = ALIGN (0x4)
 *fill*         0x0000000020001cd9        0x3 
                0x0000000020001cdc                _ebss = .
                0x0000000020001cdc                __bss_end__ = _ebss

._user_heap_stack
                0x0000000020001cdc      0x604 load address 0x000000000800c908
                0x0000000020001ce0                . = ALIGN (0x8)
 *fill*         0x0000000020001cdc        0x4 
                [!provide]                        PROVIDE (end = .)
                0x0000000020001ce0                PROVIDE (_end = .)
                0x0000000020001ee0                . = (. + _Min_Heap_Size)
 *fill*         0x0000000020001ce0      0x200 
                0x00000000200022e0                . = (. + _Min_Stack_Size)
 *fill*         0x0000000020001ee0      0x400 
                0x00000000200022e0                . = ALIGN (0x8)

/DISCARD/
 libc.a(*)
 libm.a(*)
 libgcc.a(*)

.ARM.attributes
                0x0000000000000000       0x30
 *(.ARM.attributes)
 .ARM.attributes
                0x0000000000000000       0x1e c:/st/stm32cubeide_1.6.0/stm32cubeide/plugins/com.st.stm32cube.ide.mcu.externaltools.gnu-tools-for-stm32.9-2020-q2-update.win32_1.5.0.202011040924/tools/bin/../lib/gcc/arm-none-eabi/9.3.1/thumb/v7e-m+fp/hard/crti.o
 .ARM.attributes
                0x000000000000001e       0x34 c:/st/stm32cubeide_1.6.0/stm32cubeide/plugins/com.st.stm32cube.ide.mcu.externaltools.gnu-tools-for-stm32.9-2020-q2-update.win32_1.5.0.202011040924/tools/bin/../lib/gcc/arm-none-eabi/9.3.1/thumb/v7e-m+fp/hard/crtbegin.o
 .ARM.attributes
                0x0000000000000052       0x34 Core/Src/Drivers/gen_clock.o
 .ARM.attributes
                0x0000000000000086       0x34 Core/Src/Drivers/max2837.o
 .ARM.attributes
                0x00000000000000ba       0x34 Core/Src/Drivers/rffc5072.o
 .ARM.attributes
                0x00000000000000ee       0x34 Core/Src/Drivers/utils.o
 .ARM.attributes
                0x0000000000000122       0x34 Core/Src/main.o
 .ARM.attributes
                0x0000000000000156       0x34 Core/Src/stm32f7xx_hal_msp.o
 .ARM.attributes
                0x000000000000018a       0x34 Core/Src/stm32f7xx_it.o
 .ARM.attributes
                0x00000000000001be       0x34 Core/Src/sysmem.o
 .ARM.attributes
                0x00000000000001f2       0x34 Core/Src/system_stm32f7xx.o
 .ARM.attributes
                0x0000000000000226       0x21 Core/Startup/startup_stm32f723zctx.o
 .ARM.attributes
                0x0000000000000247       0x34 Drivers/STM32F7xx_HAL_Driver/Src/stm32f7xx_hal.o
 .ARM.attributes
                0x000000000000027b       0x34 Drivers/STM32F7xx_HAL_Driver/Src/stm32f7xx_hal_adc.o
 .ARM.attributes
                0x00000000000002af       0x34 Drivers/STM32F7xx_HAL_Driver/Src/stm32f7xx_hal_adc_ex.o
 .ARM.attributes
                0x00000000000002e3       0x34 Drivers/STM32F7xx_HAL_Driver/Src/stm32f7xx_hal_cortex.o
 .ARM.attributes
                0x0000000000000317       0x34 Drivers/STM32F7xx_HAL_Driver/Src/stm32f7xx_hal_dma.o
 .ARM.attributes
                0x000000000000034b       0x34 Drivers/STM32F7xx_HAL_Driver/Src/stm32f7xx_hal_gpio.o
 .ARM.attributes
                0x000000000000037f       0x34 Drivers/STM32F7xx_HAL_Driver/Src/stm32f7xx_hal_i2c.o
 .ARM.attributes
                0x00000000000003b3       0x34 Drivers/STM32F7xx_HAL_Driver/Src/stm32f7xx_hal_i2c_ex.o
 .ARM.attributes
                0x00000000000003e7       0x34 Drivers/STM32F7xx_HAL_Driver/Src/stm32f7xx_hal_pcd.o
 .ARM.attributes
                0x000000000000041b       0x34 Drivers/STM32F7xx_HAL_Driver/Src/stm32f7xx_hal_pcd_ex.o
 .ARM.attributes
                0x000000000000044f       0x34 Drivers/STM32F7xx_HAL_Driver/Src/stm32f7xx_hal_pwr_ex.o
 .ARM.attributes
                0x0000000000000483       0x34 Drivers/STM32F7xx_HAL_Driver/Src/stm32f7xx_hal_rcc.o
 .ARM.attributes
                0x00000000000004b7       0x34 Drivers/STM32F7xx_HAL_Driver/Src/stm32f7xx_hal_rcc_ex.o
 .ARM.attributes
                0x00000000000004eb       0x34 Drivers/STM32F7xx_HAL_Driver/Src/stm32f7xx_hal_spi.o
 .ARM.attributes
                0x000000000000051f       0x34 Drivers/STM32F7xx_HAL_Driver/Src/stm32f7xx_ll_usb.o
 .ARM.attributes
                0x0000000000000553       0x34 Middlewares/ST/STM32_USB_Device_Library/Class/CDC/Src/usbd_cdc.o
 .ARM.attributes
                0x0000000000000587       0x34 Middlewares/ST/STM32_USB_Device_Library/Core/Src/usbd_core.o
 .ARM.attributes
                0x00000000000005bb       0x34 Middlewares/ST/STM32_USB_Device_Library/Core/Src/usbd_ctlreq.o
 .ARM.attributes
                0x00000000000005ef       0x34 Middlewares/ST/STM32_USB_Device_Library/Core/Src/usbd_ioreq.o
 .ARM.attributes
                0x0000000000000623       0x34 USB_DEVICE/App/usb_device.o
 .ARM.attributes
                0x0000000000000657       0x34 USB_DEVICE/App/usbd_cdc_if.o
 .ARM.attributes
                0x000000000000068b       0x34 USB_DEVICE/App/usbd_desc.o
 .ARM.attributes
                0x00000000000006bf       0x34 USB_DEVICE/Target/usbd_conf.o
 .ARM.attributes
                0x00000000000006f3       0x34 c:/st/stm32cubeide_1.6.0/stm32cubeide/plugins/com.st.stm32cube.ide.mcu.externaltools.gnu-tools-for-stm32.9-2020-q2-update.win32_1.5.0.202011040924/tools/bin/../lib/gcc/arm-none-eabi/9.3.1/../../../../arm-none-eabi/lib/thumb/v7e-m+fp/hard\libc_nano.a(lib_a-errno.o)
 .ARM.attributes
                0x0000000000000727       0x32 c:/st/stm32cubeide_1.6.0/stm32cubeide/plugins/com.st.stm32cube.ide.mcu.externaltools.gnu-tools-for-stm32.9-2020-q2-update.win32_1.5.0.202011040924/tools/bin/../lib/gcc/arm-none-eabi/9.3.1/../../../../arm-none-eabi/lib/thumb/v7e-m+fp/hard\libc_nano.a(lib_a-impure.o)
 .ARM.attributes
                0x0000000000000759       0x34 c:/st/stm32cubeide_1.6.0/stm32cubeide/plugins/com.st.stm32cube.ide.mcu.externaltools.gnu-tools-for-stm32.9-2020-q2-update.win32_1.5.0.202011040924/tools/bin/../lib/gcc/arm-none-eabi/9.3.1/../../../../arm-none-eabi/lib/thumb/v7e-m+fp/hard\libc_nano.a(lib_a-init.o)
 .ARM.attributes
                0x000000000000078d       0x34 c:/st/stm32cubeide_1.6.0/stm32cubeide/plugins/com.st.stm32cube.ide.mcu.externaltools.gnu-tools-for-stm32.9-2020-q2-update.win32_1.5.0.202011040924/tools/bin/../lib/gcc/arm-none-eabi/9.3.1/../../../../arm-none-eabi/lib/thumb/v7e-m+fp/hard\libc_nano.a(lib_a-malloc.o)
 .ARM.attributes
                0x00000000000007c1       0x34 c:/st/stm32cubeide_1.6.0/stm32cubeide/plugins/com.st.stm32cube.ide.mcu.externaltools.gnu-tools-for-stm32.9-2020-q2-update.win32_1.5.0.202011040924/tools/bin/../lib/gcc/arm-none-eabi/9.3.1/../../../../arm-none-eabi/lib/thumb/v7e-m+fp/hard\libc_nano.a(lib_a-memset.o)
 .ARM.attributes
                0x00000000000007f5       0x34 c:/st/stm32cubeide_1.6.0/stm32cubeide/plugins/com.st.stm32cube.ide.mcu.externaltools.gnu-tools-for-stm32.9-2020-q2-update.win32_1.5.0.202011040924/tools/bin/../lib/gcc/arm-none-eabi/9.3.1/../../../../arm-none-eabi/lib/thumb/v7e-m+fp/hard\libc_nano.a(lib_a-nano-freer.o)
 .ARM.attributes
                0x0000000000000829       0x34 c:/st/stm32cubeide_1.6.0/stm32cubeide/plugins/com.st.stm32cube.ide.mcu.externaltools.gnu-tools-for-stm32.9-2020-q2-update.win32_1.5.0.202011040924/tools/bin/../lib/gcc/arm-none-eabi/9.3.1/../../../../arm-none-eabi/lib/thumb/v7e-m+fp/hard\libc_nano.a(lib_a-nano-mallocr.o)
 .ARM.attributes
                0x000000000000085d       0x34 c:/st/stm32cubeide_1.6.0/stm32cubeide/plugins/com.st.stm32cube.ide.mcu.externaltools.gnu-tools-for-stm32.9-2020-q2-update.win32_1.5.0.202011040924/tools/bin/../lib/gcc/arm-none-eabi/9.3.1/../../../../arm-none-eabi/lib/thumb/v7e-m+fp/hard\libc_nano.a(lib_a-sbrkr.o)
 .ARM.attributes
                0x0000000000000891       0x34 c:/st/stm32cubeide_1.6.0/stm32cubeide/plugins/com.st.stm32cube.ide.mcu.externaltools.gnu-tools-for-stm32.9-2020-q2-update.win32_1.5.0.202011040924/tools/bin/../lib/gcc/arm-none-eabi/9.3.1/../../../../arm-none-eabi/lib/thumb/v7e-m+fp/hard\libc_nano.a(lib_a-mlock.o)
 .ARM.attributes
                0x00000000000008c5       0x34 c:/st/stm32cubeide_1.6.0/stm32cubeide/plugins/com.st.stm32cube.ide.mcu.externaltools.gnu-tools-for-stm32.9-2020-q2-update.win32_1.5.0.202011040924/tools/bin/../lib/gcc/arm-none-eabi/9.3.1/../../../../arm-none-eabi/lib/thumb/v7e-m+fp/hard\libc_nano.a(lib_a-reent.o)
 .ARM.attributes
                0x00000000000008f9       0x34 c:/st/stm32cubeide_1.6.0/stm32cubeide/plugins/com.st.stm32cube.ide.mcu.externaltools.gnu-tools-for-stm32.9-2020-q2-update.win32_1.5.0.202011040924/tools/bin/../lib/gcc/arm-none-eabi/9.3.1/../../../../arm-none-eabi/lib/thumb/v7e-m+fp/hard\libc_nano.a(lib_a-lock.o)
 .ARM.attributes
                0x000000000000092d       0x1e c:/st/stm32cubeide_1.6.0/stm32cubeide/plugins/com.st.stm32cube.ide.mcu.externaltools.gnu-tools-for-stm32.9-2020-q2-update.win32_1.5.0.202011040924/tools/bin/../lib/gcc/arm-none-eabi/9.3.1/thumb/v7e-m+fp/hard\libgcc.a(_aeabi_uldivmod.o)
 .ARM.attributes
                0x000000000000094b       0x34 c:/st/stm32cubeide_1.6.0/stm32cubeide/plugins/com.st.stm32cube.ide.mcu.externaltools.gnu-tools-for-stm32.9-2020-q2-update.win32_1.5.0.202011040924/tools/bin/../lib/gcc/arm-none-eabi/9.3.1/thumb/v7e-m+fp/hard\libgcc.a(_udivmoddi4.o)
 .ARM.attributes
                0x000000000000097f       0x1e c:/st/stm32cubeide_1.6.0/stm32cubeide/plugins/com.st.stm32cube.ide.mcu.externaltools.gnu-tools-for-stm32.9-2020-q2-update.win32_1.5.0.202011040924/tools/bin/../lib/gcc/arm-none-eabi/9.3.1/thumb/v7e-m+fp/hard\libgcc.a(_dvmd_tls.o)
 .ARM.attributes
                0x000000000000099d       0x1e c:/st/stm32cubeide_1.6.0/stm32cubeide/plugins/com.st.stm32cube.ide.mcu.externaltools.gnu-tools-for-stm32.9-2020-q2-update.win32_1.5.0.202011040924/tools/bin/../lib/gcc/arm-none-eabi/9.3.1/thumb/v7e-m+fp/hard/crtn.o
OUTPUT(FirmwarePF.elf elf32-littlearm)
LOAD linker stubs
LOAD c:/st/stm32cubeide_1.6.0/stm32cubeide/plugins/com.st.stm32cube.ide.mcu.externaltools.gnu-tools-for-stm32.9-2020-q2-update.win32_1.5.0.202011040924/tools/bin/../lib/gcc/arm-none-eabi/9.3.1/../../../../arm-none-eabi/lib/thumb/v7e-m+fp/hard\libc.a