stm32f7xx_it.c:73:6:NMI_Handler	4	static
stm32f7xx_it.c:88:6:HardFault_Handler	4	static
stm32f7xx_it.c:103:6:MemManage_Handler	4	static
stm32f7xx_it.c:118:6:BusFault_Handler	4	static
stm32f7xx_it.c:133:6:UsageFault_Handler	4	static
stm32f7xx_it.c:148:6:SVC_Handler	4	static
stm32f7xx_it.c:161:6:DebugMon_Handler	4	static
stm32f7xx_it.c:174:6:PendSV_Handler	4	static
stm32f7xx_it.c:187:6:SysTick_Handler	8	static
stm32f7xx_it.c:208:6:RCC_IRQHandler	4	static
stm32f7xx_it.c:221:6:ADC_IRQHandler	8	static
stm32f7xx_it.c:235:6:I2C1_EV_IRQHandler	8	static
stm32f7xx_it.c:249:6:I2C1_ER_IRQHandler	8	static
stm32f7xx_it.c:263:6:SPI1_IRQHandler	8	static
stm32f7xx_it.c:277:6:OTG_HS_EP1_OUT_IRQHandler	8	static
stm32f7xx_it.c:291:6:OTG_HS_EP1_IN_IRQHandler	8	static
stm32f7xx_it.c:305:6:OTG_HS_IRQHandler	8	static
